Component: ARM Compiler 5.06 (build 20) Tool: armlink [4d35a3]

==============================================================================

Section Cross References

    startup_stm32f10x_hd.o(RESET) refers to startup_stm32f10x_hd.o(STACK) for __initial_sp
    startup_stm32f10x_hd.o(RESET) refers to startup_stm32f10x_hd.o(.text) for Reset_Handler
    startup_stm32f10x_hd.o(RESET) refers to stm32f10x_it.o(i.WWDG_IRQHandler) for WWDG_IRQHandler
    startup_stm32f10x_hd.o(RESET) refers to stm32f10x_it.o(i.PVD_IRQHandler) for PVD_IRQHandler
    startup_stm32f10x_hd.o(RESET) refers to stm32f10x_it.o(i.TAMPER_IRQHandler) for TAMPER_IRQHandler
    startup_stm32f10x_hd.o(RESET) refers to stm32f10x_it.o(i.RTC_IRQHandler) for RTC_IRQHandler
    startup_stm32f10x_hd.o(RESET) refers to stm32f10x_it.o(i.FLASH_IRQHandler) for FLASH_IRQHandler
    startup_stm32f10x_hd.o(RESET) refers to stm32f10x_it.o(i.RCC_IRQHandler) for RCC_IRQHandler
    startup_stm32f10x_hd.o(RESET) refers to stm32f10x_it.o(i.EXTI0_IRQHandler) for EXTI0_IRQHandler
    startup_stm32f10x_hd.o(RESET) refers to stm32f10x_it.o(i.EXTI1_IRQHandler) for EXTI1_IRQHandler
    startup_stm32f10x_hd.o(RESET) refers to stm32f10x_it.o(i.EXTI2_IRQHandler) for EXTI2_IRQHandler
    startup_stm32f10x_hd.o(RESET) refers to stm32f10x_it.o(i.EXTI3_IRQHandler) for EXTI3_IRQHandler
    startup_stm32f10x_hd.o(RESET) refers to stm32f10x_it.o(i.EXTI4_IRQHandler) for EXTI4_IRQHandler
    startup_stm32f10x_hd.o(RESET) refers to stm32f10x_it.o(i.DMA1_Channel1_IRQHandler) for DMA1_Channel1_IRQHandler
    startup_stm32f10x_hd.o(RESET) refers to stm32f10x_it.o(i.DMA1_Channel2_IRQHandler) for DMA1_Channel2_IRQHandler
    startup_stm32f10x_hd.o(RESET) refers to stm32f10x_it.o(i.DMA1_Channel3_IRQHandler) for DMA1_Channel3_IRQHandler
    startup_stm32f10x_hd.o(RESET) refers to stm32f10x_it.o(i.DMA1_Channel4_IRQHandler) for DMA1_Channel4_IRQHandler
    startup_stm32f10x_hd.o(RESET) refers to stm32f10x_it.o(i.DMA1_Channel5_IRQHandler) for DMA1_Channel5_IRQHandler
    startup_stm32f10x_hd.o(RESET) refers to stm32f10x_it.o(i.DMA1_Channel6_IRQHandler) for DMA1_Channel6_IRQHandler
    startup_stm32f10x_hd.o(RESET) refers to stm32f10x_it.o(i.DMA1_Channel7_IRQHandler) for DMA1_Channel7_IRQHandler
    startup_stm32f10x_hd.o(RESET) refers to stm32f10x_it.o(i.ADC1_2_IRQHandler) for ADC1_2_IRQHandler
    startup_stm32f10x_hd.o(RESET) refers to stm32f10x_it.o(i.EXTI9_5_IRQHandler) for EXTI9_5_IRQHandler
    startup_stm32f10x_hd.o(RESET) refers to stm32f10x_it.o(i.TIM1_BRK_IRQHandler) for TIM1_BRK_IRQHandler
    startup_stm32f10x_hd.o(RESET) refers to stm32f10x_it.o(i.TIM1_UP_IRQHandler) for TIM1_UP_IRQHandler
    startup_stm32f10x_hd.o(RESET) refers to stm32f10x_it.o(i.TIM1_TRG_COM_IRQHandler) for TIM1_TRG_COM_IRQHandler
    startup_stm32f10x_hd.o(RESET) refers to stm32f10x_it.o(i.TIM1_CC_IRQHandler) for TIM1_CC_IRQHandler
    startup_stm32f10x_hd.o(RESET) refers to stm32f10x_it.o(i.TIM2_IRQHandler) for TIM2_IRQHandler
    startup_stm32f10x_hd.o(RESET) refers to stm32f10x_it.o(i.TIM3_IRQHandler) for TIM3_IRQHandler
    startup_stm32f10x_hd.o(RESET) refers to stm32f10x_it.o(i.TIM4_IRQHandler) for TIM4_IRQHandler
    startup_stm32f10x_hd.o(RESET) refers to stm32f10x_it.o(i.I2C1_EV_IRQHandler) for I2C1_EV_IRQHandler
    startup_stm32f10x_hd.o(RESET) refers to stm32f10x_it.o(i.I2C1_ER_IRQHandler) for I2C1_ER_IRQHandler
    startup_stm32f10x_hd.o(RESET) refers to stm32f10x_it.o(i.I2C2_EV_IRQHandler) for I2C2_EV_IRQHandler
    startup_stm32f10x_hd.o(RESET) refers to stm32f10x_it.o(i.I2C2_ER_IRQHandler) for I2C2_ER_IRQHandler
    startup_stm32f10x_hd.o(RESET) refers to stm32f10x_it.o(i.SPI1_IRQHandler) for SPI1_IRQHandler
    startup_stm32f10x_hd.o(RESET) refers to stm32f10x_it.o(i.SPI2_IRQHandler) for SPI2_IRQHandler
    startup_stm32f10x_hd.o(RESET) refers to stm32f10x_it.o(i.USART1_IRQHandler) for USART1_IRQHandler
    startup_stm32f10x_hd.o(RESET) refers to stm32f10x_it.o(i.USART2_IRQHandler) for USART2_IRQHandler
    startup_stm32f10x_hd.o(RESET) refers to stm32f10x_it.o(i.USART3_IRQHandler) for USART3_IRQHandler
    startup_stm32f10x_hd.o(RESET) refers to stm32f10x_it.o(i.EXTI15_10_IRQHandler) for EXTI15_10_IRQHandler
    startup_stm32f10x_hd.o(RESET) refers to stm32f10x_it.o(i.RTCAlarm_IRQHandler) for RTCAlarm_IRQHandler
    startup_stm32f10x_hd.o(RESET) refers to stm32f10x_it.o(i.USBWakeUp_IRQHandler) for USBWakeUp_IRQHandler
    startup_stm32f10x_hd.o(RESET) refers to stm32f10x_it.o(i.TIM8_BRK_IRQHandler) for TIM8_BRK_IRQHandler
    startup_stm32f10x_hd.o(RESET) refers to stm32f10x_it.o(i.TIM8_UP_IRQHandler) for TIM8_UP_IRQHandler
    startup_stm32f10x_hd.o(RESET) refers to stm32f10x_it.o(i.TIM8_TRG_COM_IRQHandler) for TIM8_TRG_COM_IRQHandler
    startup_stm32f10x_hd.o(RESET) refers to stm32f10x_it.o(i.TIM8_CC_IRQHandler) for TIM8_CC_IRQHandler
    startup_stm32f10x_hd.o(RESET) refers to stm32f10x_it.o(i.ADC3_IRQHandler) for ADC3_IRQHandler
[...]
    cnt2                                     0x2000005a   Data           1  main.o(.data)
    cnt3                                     0x2000005b   Data           1  main.o(.data)
    agc_v1_pre                               0x2000005c   Data           2  main.o(.data)
    shutter_val_auto_iris_level_pre          0x2000005e   Data           1  main.o(.data)
    .data                                    0x2000005f   Section        2  camera_control.o(.data)
    .data                                    0x20000061   Section        3  extern_function.o(.data)
    .data                                    0x20000064   Section        3  jiguang.o(.data)
    .data                                    0x20000068   Section     5452  malloc.o(.data)
    .data                                    0x200015b4   Section      116  motor.o(.data)
    Pan_motstate                             0x200015c8   Data           1  motor.o(.data)
    Tilt_motstate                            0x200015c9   Data           1  motor.o(.data)
    Pan_moto_speed                           0x200015ca   Data           2  motor.o(.data)
    Tilt_moto_speed                          0x200015cc   Data           2  motor.o(.data)
    TPSC_Pan_Count                           0x200015ce   Data           2  motor.o(.data)
    TPSC_Tilt_Count                          0x200015d0   Data           2  motor.o(.data)
    Pan_move_or_posmove                      0x200015d2   Data           1  motor.o(.data)
    Tilt_move_or_posmove                     0x200015d3   Data           1  motor.o(.data)
    Pan_Tour_speed_class                     0x200015d4   Data           1  motor.o(.data)
    Tilt_Tour_speed_class                    0x200015d5   Data           1  motor.o(.data)
    SwitchFlag                               0x200015d6   Data           1  motor.o(.data)
    TestFinish                               0x200015d7   Data           1  motor.o(.data)
    MotorPanInitCom                          0x200015d8   Data           2  motor.o(.data)
    PanSpeed                                 0x200015da   Data           1  motor.o(.data)
    TiltSpeed                                0x200015db   Data           1  motor.o(.data)
    CurrentTiltSpeed                         0x200015dc   Data           1  motor.o(.data)
    CurrentPanSpeed                          0x200015dd   Data           1  motor.o(.data)
    MotordirectionBufferForTwoOpintScan      0x200015de   Data           1  motor.o(.data)
    MotordirectionBufferForTwoOpintScan_tilt 0x200015df   Data           1  motor.o(.data)
    RockerComFlag                            0x200015e0   Data           1  motor.o(.data)
    RockerComFlag_tilt                       0x200015e1   Data           1  motor.o(.data)
    Panspeedbuff                             0x200015e2   Data           1  motor.o(.data)
    CommandFlag                              0x200015e4   Data           1  motor.o(.data)
    MotordirectionBuffer                     0x200015e5   Data           1  motor.o(.data)
    MotordirectionBuffer_tilt                0x200015e6   Data           1  motor.o(.data)
    Motordirection                           0x200015e7   Data           1  motor.o(.data)
    Motordirection_tilt                      0x200015e8   Data           1  motor.o(.data)
    DelayTimerBuffer                         0x200015ea   Data           2  motor.o(.data)
    Pan_motor_pos_flag                       0x200015ec   Data           1  motor.o(.data)
    Tilt_motor_pos_flag                      0x200015ed   Data           1  motor.o(.data)
    MotoMoveCount                            0x200015ee   Data           1  motor.o(.data)
    MotoMoveSpeed                            0x200015f0   Data           2  motor.o(.data)
    zoom_sensor_state                        0x20001622   Data           1  motor.o(.data)
    zoom_sensor_state_pre                    0x20001623   Data           1  motor.o(.data)
    Pan_motstat_Buff                         0x20001624   Data           1  motor.o(.data)
    i                                        0x20001625   Data           1  motor.o(.data)
    i                                        0x20001626   Data           1  motor.o(.data)
    i                                        0x20001627   Data           1  motor.o(.data)
    .data                                    0x20001628   Section        5  osd_control.o(.data)
    .data                                    0x20001630   Section       41  protocol.o(.data)
    Isr_com                                  0x20001633   Data           1  protocol.o(.data)
    Rocket_fir_data_pre                      0x20001658   Data           1  protocol.o(.data)
    .data                                    0x2000165c   Section       12  queue1.o(.data)
    .data                                    0x20001668   Section       36  public_variable.o(.data)
    .data__ZZ14MOTO_move_tiltE15MotoMovePanTilt 0x2000168c   Section        1  motor.o(.data__ZZ14MOTO_move_tiltE15MotoMovePanTilt)
    .data__ZZ14timer1_ovf_isrE18focus_sensor_state 0x2000168d   Section        1  motor.o(.data__ZZ14timer1_ovf_isrE18focus_sensor_state)
    .data__ZZ14timer1_ovf_isrE22focus_sensor_state_pre 0x2000168e   Section        1  motor.o(.data__ZZ14timer1_ovf_isrE22focus_sensor_state_pre)
    .data__ZZ9MOTO_moveE15MotoMovePanTilt    0x2000168f   Section        1  motor.o(.data__ZZ9MOTO_moveE15MotoMovePanTilt)
    .bss                                     0x20001690   Section      511  extern_function.o(.bss)
    .bss                                     0x2000188f   Section       15  jiguang.o(.bss)
    jiguang_com2                             0x2000188f   Data          15  jiguang.o(.bss)
    .bss                                     0x2000189e   Section       40  protocol.o(.bss)
    keyboard_data_buffer1                    0x200018b2   Data          20  protocol.o(.bss)
    .bss                                     0x200018c6   Section      931  public_variable.o(.bss)
    .bss                                     0x20001c69   Section       15  rs485_response.o(.bss)
    STACK                                    0x20001c78   Section     1024  startup_stm32f10x_hd.o(STACK)

    Global Symbols

    Symbol Name                              Value     Ov Type        Size  Object(Section)

    BuildAttributes$$THM_ISAv4$P$D$K$B$S$PE$A:L22UL41UL21$X:L11$S22US41US21$IEEE1$IW$USESV6$~STKCKD$USESV7$~SHL$OTIME$ROPI$EBA8$MICROLIB$REQ8$PRES8$EABIv2 0x00000000   Number         0  anon$$obj.o ABSOLUTE
    __ARM_use_no_argv                        0x00000000   Number         0  main.o ABSOLUTE
    __cpp_initialize__aeabi_                  - Undefined Weak Reference
    __cxa_finalize                            - Undefined Weak Reference
    _clock_init                               - Undefined Weak Reference
    _microlib_exit                            - Undefined Weak Reference
    __Vectors_Size                           0x00000130   Number         0  startup_stm32f10x_hd.o ABSOLUTE
    __Vectors                                0x08000000   Data           4  startup_stm32f10x_hd.o(RESET)
    __Vectors_End                            0x08000130   Data           0  startup_stm32f10x_hd.o(RESET)
    __main                                   0x08000131   Thumb Code     0  entry.o(.ARM.Collect$$$$00000000)
    _main_stk                                0x08000131   Thumb Code     0  entry2.o(.ARM.Collect$$$$00000001)
    _main_scatterload                        0x08000135   Thumb Code     0  entry5.o(.ARM.Collect$$$$00000004)
    __main_after_scatterload                 0x08000139   Thumb Code     0  entry5.o(.ARM.Collect$$$$00000004)
    _main_clock                              0x08000139   Thumb Code     0  entry7b.o(.ARM.Collect$$$$00000008)
    _main_cpp_init                           0x08000139   Thumb Code     0  entry8b.o(.ARM.Collect$$$$0000000A)
    _main_init                               0x08000139   Thumb Code     0  entry9a.o(.ARM.Collect$$$$0000000B)
    __rt_final_cpp                           0x08000141   Thumb Code     0  entry10a.o(.ARM.Collect$$$$0000000D)
    __rt_final_exit                          0x08000141   Thumb Code     0  entry11a.o(.ARM.Collect$$$$0000000F)
    Reset_Handler                            0x08000145   Thumb Code     8  startup_stm32f10x_hd.o(.text)
    NMI_Handler                              0x0800014d   Thumb Code     2  startup_stm32f10x_hd.o(.text)
    HardFault_Handler                        0x0800014f   Thumb Code     2  startup_stm32f10x_hd.o(.text)
    MemManage_Handler                        0x08000151   Thumb Code     2  startup_stm32f10x_hd.o(.text)
    BusFault_Handler                         0x08000153   Thumb Code     2  startup_stm32f10x_hd.o(.text)
    UsageFault_Handler                       0x08000155   Thumb Code     2  startup_stm32f10x_hd.o(.text)
    SVC_Handler                              0x08000157   Thumb Code     2  startup_stm32f10x_hd.o(.text)
    DebugMon_Handler                         0x08000159   Thumb Code     2  startup_stm32f10x_hd.o(.text)
    PendSV_Handler                           0x0800015b   Thumb Code     2  startup_stm32f10x_hd.o(.text)
    SysTick_Handler                          0x0800015d   Thumb Code     2  startup_stm32f10x_hd.o(.text)
    CAN1_RX1_IRQHandler                      0x0800015f   Thumb Code     0  startup_stm32f10x_hd.o(.text)
    CAN1_SCE_IRQHandler                      0x0800015f   Thumb Code     0  startup_stm32f10x_hd.o(.text)
    USB_HP_CAN1_TX_IRQHandler                0x0800015f   Thumb Code     0  startup_stm32f10x_hd.o(.text)
    USB_LP_CAN1_RX0_IRQHandler               0x0800015f   Thumb Code     0  startup_stm32f10x_hd.o(.text)
    __aeabi_dadd                             0x08000169   Thumb Code   322  dadd.o(.text)
    __aeabi_dsub                             0x080002ab   Thumb Code     6  dadd.o(.text)
    __aeabi_drsub                            0x080002b1   Thumb Code     6  dadd.o(.text)
    __aeabi_ddiv                             0x080002b7   Thumb Code   222  ddiv.o(.text)
    __aeabi_d2iz                             0x08000395   Thumb Code    62  dfixi.o(.text)
    __aeabi_cdcmpeq                          0x080003d5   Thumb Code     0  cdcmple.o(.text)
    __aeabi_cdcmple                          0x080003d5   Thumb Code    48  cdcmple.o(.text)
    __aeabi_llsl                             0x08000405   Thumb Code    30  llshl.o(.text)
    _ll_shift_l                              0x08000405   Thumb Code     0  llshl.o(.text)
    __aeabi_llsr                             0x08000423   Thumb Code    32  llushr.o(.text)
    _ll_ushift_r                             0x08000423   Thumb Code     0  llushr.o(.text)
    __aeabi_lasr                             0x08000443   Thumb Code    36  llsshr.o(.text)
    _ll_sshift_r                             0x08000443   Thumb Code     0  llsshr.o(.text)
    __I$use$fp                               0x08000467   Thumb Code     0  iusefp.o(.text)
    _double_round                            0x08000467   Thumb Code    30  depilogue.o(.text)
    _double_epilogue                         0x08000485   Thumb Code   156  depilogue.o(.text)
    __scatterload                            0x08000521   Thumb Code    28  init.o(.text)
    __scatterload_rt2                        0x08000521   Thumb Code     0  init.o(.text)
    __decompress                             0x08000545   Thumb Code     0  __dczerorl2.o(.text)
    __decompress1                            0x08000545   Thumb Code    86  __dczerorl2.o(.text)
    ADC1_2_IRQHandler                        0x0800059b   Thumb Code     2  stm32f10x_it.o(i.ADC1_2_IRQHandler)
    ADC3_IRQHandler                          0x0800059d   Thumb Code     2  stm32f10x_it.o(i.ADC3_IRQHandler)
    APP_TIM2_IRQHandler                      0x0800059f   Thumb Code    72  api.o(i.APP_TIM2_IRQHandler)
    APP_TIM3_IRQHandler                      0x080005e9   Thumb Code    72  motor.o(i.APP_TIM3_IRQHandler)
    APP_TIM4_IRQHandler                      0x08000635   Thumb Code    60  api.o(i.APP_TIM4_IRQHandler)
    APP_TIM5_IRQHandler                      0x08000675   Thumb Code    72  motor.o(i.APP_TIM5_IRQHandler)
    APP_TIM6_IRQHandler                      0x080006c1   Thumb Code     2  api.o(i.APP_TIM6_IRQHandler)
    APP_USART1_Baudrate                      0x080006c5   Thumb Code    76  api.o(i.APP_USART1_Baudrate)
    APP_USART1_IRQHandler                    0x08000715   Thumb Code    42  api.o(i.APP_USART1_IRQHandler)
    APP_USART2_Baudrate                      0x08000745   Thumb Code    42  api.o(i.APP_USART2_Baudrate)
    APP_USART2_IRQHandler                    0x08000775   Thumb Code    74  api.o(i.APP_USART2_IRQHandler)
    APP_USART3_Baudrate                      0x080007c5   Thumb Code    42  jiguang.o(i.APP_USART3_Baudrate)
    BKP_TamperPinCmd                         0x080007f5   Thumb Code     6  stm32f10x_bkp.o(i.BKP_TamperPinCmd)
    BSP_DelayMS                              0x08000801   Thumb Code    24  api.o(i.BSP_DelayMS)
    BSP_Init                                 0x08000819   Thumb Code    16  api.o(i.BSP_Init)
    BSP_NVIC_Init                            0x08000829   Thumb Code    12  api.o(i.BSP_NVIC_Init)
    BSP_RCC_Init                             0x08000835   Thumb Code   106  api.o(i.BSP_RCC_Init)
    BSP_SysTick_Init                         0x0800089f   Thumb Code     2  api.o(i.BSP_SysTick_Init)
    BSP_Timer2_Init                          0x080008a1   Thumb Code   112  api.o(i.BSP_Timer2_Init)
    BSP_Timer3_Init                          0x08000911   Thumb Code    98  api.o(i.BSP_Timer3_Init)
    BSP_Timer5_Init                          0x08000979   Thumb Code    96  api.o(i.BSP_Timer5_Init)
    BSP_USART1_Init                          0x080009dd   Thumb Code   148  api.o(i.BSP_USART1_Init)
    BSP_USART2_Init                          0x08000a79   Thumb Code   112  api.o(i.BSP_USART2_Init)
    BSP_USART3_Init                          0x08000aed   Thumb Code   116  jiguang.o(i.BSP_USART3_Init)
    DMA1_Channel1_IRQHandler                 0x08000b65   Thumb Code     2  stm32f10x_it.o(i.DMA1_Channel1_IRQHandler)
    DMA1_Channel2_IRQHandler                 0x08000b67   Thumb Code     2  stm32f10x_it.o(i.DMA1_Channel2_IRQHandler)
    DMA1_Channel3_IRQHandler                 0x08000b69   Thumb Code     2  stm32f10x_it.o(i.DMA1_Channel3_IRQHandler)
    DMA1_Channel4_IRQHandler                 0x08000b6b   Thumb Code     2  stm32f10x_it.o(i.DMA1_Channel4_IRQHandler)
    DMA1_Channel5_IRQHandler                 0x08000b6d   Thumb Code     2  stm32f10x_it.o(i.DMA1_Channel5_IRQHandler)
    DMA1_Channel6_IRQHandler                 0x08000b6f   Thumb Code     2  stm32f10x_it.o(i.DMA1_Channel6_IRQHandler)
    DMA1_Channel7_IRQHandler                 0x08000b71   Thumb Code     2  stm32f10x_it.o(i.DMA1_Channel7_IRQHandler)
    DMA2_Channel1_IRQHandler                 0x08000b73   Thumb Code     2  stm32f10x_it.o(i.DMA2_Channel1_IRQHandler)
    DMA2_Channel2_IRQHandler                 0x08000b75   Thumb Code     2  stm32f10x_it.o(i.DMA2_Channel2_IRQHandler)
    DMA2_Channel3_IRQHandler                 0x08000b77   Thumb Code     2  stm32f10x_it.o(i.DMA2_Channel3_IRQHandler)
    DMA2_Channel4_5_IRQHandler               0x08000b79   Thumb Code     2  stm32f10x_it.o(i.DMA2_Channel4_5_IRQHandler)
    Dir_Pos_focus                            0x08000b7d   Thumb Code   170  motor.o(i.Dir_Pos_focus)
    EXTI0_IRQHandler                         0x08000c51   Thumb Code     2  stm32f10x_it.o(i.EXTI0_IRQHandler)
    EXTI15_10_IRQHandler                     0x08000c53   Thumb Code     2  stm32f10x_it.o(i.EXTI15_10_IRQHandler)
    EXTI1_IRQHandler                         0x08000c55   Thumb Code     2  stm32f10x_it.o(i.EXTI1_IRQHandler)
    EXTI2_IRQHandler                         0x08000c57   Thumb Code     2  stm32f10x_it.o(i.EXTI2_IRQHandler)
    EXTI3_IRQHandler                         0x08000c59   Thumb Code     2  stm32f10x_it.o(i.EXTI3_IRQHandler)
    EXTI4_IRQHandler                         0x08000c5b   Thumb Code     2  stm32f10x_it.o(i.EXTI4_IRQHandler)
    EXTI9_5_IRQHandler                       0x08000c5d   Thumb Code     2  stm32f10x_it.o(i.EXTI9_5_IRQHandler)
    EXTI_Init                                0x08000c61   Thumb Code   142  stm32f10x_exti.o(i.EXTI_Init)
    FLASH_IRQHandler                         0x08000cf5   Thumb Code     2  stm32f10x_it.o(i.FLASH_IRQHandler)
    FLASH_PrefetchBufferCmd                  0x08000cf9   Thumb Code    22  stm32f10x_flash.o(i.FLASH_PrefetchBufferCmd)
    FLASH_SetLatency                         0x08000d15   Thumb Code    18  stm32f10x_flash.o(i.FLASH_SetLatency)
    FSMC_IRQHandler                          0x08000d2d   Thumb Code     2  stm32f10x_it.o(i.FSMC_IRQHandler)
    GPIO_Init                                0x08000d2f   Thumb Code   278  stm32f10x_gpio.o(i.GPIO_Init)
    GPIO_PinRemapConfig                      0x08000e45   Thumb Code   138  stm32f10x_gpio.o(i.GPIO_PinRemapConfig)
    GPIO_ReadInputDataBit                    0x08000ed5   Thumb Code    18  stm32f10x_gpio.o(i.GPIO_ReadInputDataBit)
    GPIO_ResetBits                           0x08000ee7   Thumb Code     4  stm32f10x_gpio.o(i.GPIO_ResetBits)
    GPIO_SetBits                             0x08000eeb   Thumb Code     4  stm32f10x_gpio.o(i.GPIO_SetBits)
    GPIO_WriteBit                            0x08000eef   Thumb Code    10  stm32f10x_gpio.o(i.GPIO_WriteBit)
    GenCRC                                   0x08000ef9   Thumb Code    88  camera_control.o(i.GenCRC)
    I2C1_ER_IRQHandler                       0x08000f51   Thumb Code     2  stm32f10x_it.o(i.I2C1_ER_IRQHandler)
    I2C1_EV_IRQHandler                       0x08000f53   Thumb Code     2  stm32f10x_it.o(i.I2C1_EV_IRQHandler)
    I2C2_ER_IRQHandler                       0x08000f55   Thumb Code     2  stm32f10x_it.o(i.I2C2_ER_IRQHandler)
    I2C2_EV_IRQHandler                       0x08000f57   Thumb Code     2  stm32f10x_it.o(i.I2C2_EV_IRQHandler)
    InterruptConfig                          0x08000f59   Thumb Code   206  main.o(i.InterruptConfig)
    Keyboard_camera_porotocol_2              0x08001029   Thumb Code    40  protocol.o(i.Keyboard_camera_porotocol_2)
    LenDrvZoomMove                           0x08001055   Thumb Code   108  an41908a.o(i.LenDrvZoomMove)
    LensDrvFocusZoomInit                     0x080010c5   Thumb Code   154  an41908a.o(i.LensDrvFocusZoomInit)
    LensDrvInit                              0x08001165   Thumb Code    12  an41908a.o(i.LensDrvInit)
    LensDrvIrisInit                          0x08001171   Thumb Code    90  an41908a.o(i.LensDrvIrisInit)
    LensDrvSPIReadUint                       0x080011cd   Thumb Code   240  an41908a.o(i.LensDrvSPIReadUint)
    LensDrvSPIWriteUint                      0x080012c5   Thumb Code   234  an41908a.o(i.LensDrvSPIWriteUint)
    LensdrvDelay_us                          0x080013b9   Thumb Code    22  an41908a.o(i.LensdrvDelay_us)
    MOTO_move                                0x080013d1   Thumb Code   456  motor.o(i.MOTO_move)
    MOTO_move_tilt                           0x080015d9   Thumb Code   286  motor.o(i.MOTO_move_tilt)
    MotorSpeedClass                          0x08001725   Thumb Code     6  motor.o(i.MotorSpeedClass)
    MotorStop                                0x0800172d   Thumb Code   178  motor.o(i.MotorStop)
    NVIC_Init                                0x0800183d   Thumb Code   100  misc.o(i.NVIC_Init)
    NVIC_PriorityGroupConfig                 0x080018ad   Thumb Code    10  misc.o(i.NVIC_PriorityGroupConfig)
    NVIC_SetVectorTable                      0x080018c1   Thumb Code    12  misc.o(i.NVIC_SetVectorTable)
    PVD_IRQHandler                           0x08002165   Thumb Code     2  stm32f10x_it.o(i.PVD_IRQHandler)
    PWR_BackupAccessCmd                      0x08002169   Thumb Code     6  stm32f10x_pwr.o(i.PWR_BackupAccessCmd)
    RCC_ADCCLKConfig                         0x08002175   Thumb Code    18  stm32f10x_rcc.o(i.RCC_ADCCLKConfig)
    RCC_APB1PeriphClockCmd                   0x0800218d   Thumb Code    26  stm32f10x_rcc.o(i.RCC_APB1PeriphClockCmd)
    RCC_APB1PeriphResetCmd                   0x080021ad   Thumb Code    26  stm32f10x_rcc.o(i.RCC_APB1PeriphResetCmd)
    RCC_APB2PeriphClockCmd                   0x080021cd   Thumb Code    26  stm32f10x_rcc.o(i.RCC_APB2PeriphClockCmd)
    RCC_APB2PeriphResetCmd                   0x080021ed   Thumb Code    26  stm32f10x_rcc.o(i.RCC_APB2PeriphResetCmd)
    RCC_DeInit                               0x0800220d   Thumb Code    64  stm32f10x_rcc.o(i.RCC_DeInit)
    RCC_GetClocksFreq                        0x08002259   Thumb Code   192  stm32f10x_rcc.o(i.RCC_GetClocksFreq)
    RCC_GetFlagStatus                        0x0800232d   Thumb Code    56  stm32f10x_rcc.o(i.RCC_GetFlagStatus)
    RCC_GetSYSCLKSource                      0x08002369   Thumb Code    10  stm32f10x_rcc.o(i.RCC_GetSYSCLKSource)
    RCC_HCLKConfig                           0x08002379   Thumb Code    18  stm32f10x_rcc.o(i.RCC_HCLKConfig)
    RCC_HSEConfig                            0x08002391   Thumb Code    70  stm32f10x_rcc.o(i.RCC_HSEConfig)
    RCC_IRQHandler                           0x080023dd   Thumb Code     2  stm32f10x_it.o(i.RCC_IRQHandler)
    RCC_LSEConfig                            0x080023e1   Thumb Code    46  stm32f10x_rcc.o(i.RCC_LSEConfig)
    RCC_PCLK1Config                          0x08002415   Thumb Code    18  stm32f10x_rcc.o(i.RCC_PCLK1Config)
    RCC_PCLK2Config                          0x0800242d   Thumb Code    20  stm32f10x_rcc.o(i.RCC_PCLK2Config)
    RCC_PLLCmd                               0x08002445   Thumb Code     6  stm32f10x_rcc.o(i.RCC_PLLCmd)
    RCC_PLLConfig                            0x08002451   Thumb Code    24  stm32f10x_rcc.o(i.RCC_PLLConfig)
    RCC_SYSCLKConfig                         0x0800246d   Thumb Code    18  stm32f10x_rcc.o(i.RCC_SYSCLKConfig)
    RCC_WaitForHSEStartUp                    0x08002485   Thumb Code    56  stm32f10x_rcc.o(i.RCC_WaitForHSEStartUp)
    RS485_SendBytes                          0x080024bd   Thumb Code    80  main.o(i.RS485_SendBytes)
    RTCAlarm_IRQHandler                      0x08002515   Thumb Code     2  stm32f10x_it.o(i.RTCAlarm_IRQHandler)
    RTC_IRQHandler                           0x08002517   Thumb Code     2  stm32f10x_it.o(i.RTC_IRQHandler)
    SDIO_IRQHandler                          0x08002519   Thumb Code     2  stm32f10x_it.o(i.SDIO_IRQHandler)
    SPI1_IRQHandler                          0x0800251b   Thumb Code     2  stm32f10x_it.o(i.SPI1_IRQHandler)
    SPI2_IRQHandler                          0x0800251d   Thumb Code     2  stm32f10x_it.o(i.SPI2_IRQHandler)
    SPI3_IRQHandler                          0x0800251f   Thumb Code     2  stm32f10x_it.o(i.SPI3_IRQHandler)
    SPI_Cmd                                  0x08002521   Thumb Code    24  stm32f10x_spi.o(i.SPI_Cmd)
    SPI_FLASH_BufferRead                     0x08002539   Thumb Code    76  bsp_spi_flash.o(i.SPI_FLASH_BufferRead)
    SPI_FLASH_BufferWrite                    0x08002589   Thumb Code   290  bsp_spi_flash.o(i.SPI_FLASH_BufferWrite)
    SPI_FLASH_Init                           0x080026ad   Thumb Code   184  bsp_spi_flash.o(i.SPI_FLASH_Init)
    SPI_FLASH_PageWrite                      0x08002771   Thumb Code    92  bsp_spi_flash.o(i.SPI_FLASH_PageWrite)
    SPI_FLASH_SendByte                       0x080027d1   Thumb Code    50  bsp_spi_flash.o(i.SPI_FLASH_SendByte)
    SPI_FLASH_WaitForWriteEnd                0x08002809   Thumb Code    46  bsp_spi_flash.o(i.SPI_FLASH_WaitForWriteEnd)
    SPI_FLASH_WriteEnable                    0x0800283d   Thumb Code    26  bsp_spi_flash.o(i.SPI_FLASH_WriteEnable)
    SPI_I2S_GetFlagStatus                    0x0800285d   Thumb Code    18  stm32f10x_spi.o(i.SPI_I2S_GetFlagStatus)
    SPI_I2S_ReceiveData                      0x0800286f   Thumb Code     6  stm32f10x_spi.o(i.SPI_I2S_ReceiveData)
    SPI_I2S_SendData                         0x08002875   Thumb Code     4  stm32f10x_spi.o(i.SPI_I2S_SendData)
    SPI_Init                                 0x08002879   Thumb Code    60  stm32f10x_spi.o(i.SPI_Init)
    SystemInit                               0x0800299d   Thumb Code    78  system_stm32f10x.o(i.SystemInit)
    System_data_init                         0x080029fd   Thumb Code   100  protocol.o(i.System_data_init)
    TAMPER_IRQHandler                        0x08002a89   Thumb Code     2  stm32f10x_it.o(i.TAMPER_IRQHandler)
    TIM1_BRK_IRQHandler                      0x08002a8b   Thumb Code     2  stm32f10x_it.o(i.TIM1_BRK_IRQHandler)
    TIM1_CC_IRQHandler                       0x08002a8d   Thumb Code     2  stm32f10x_it.o(i.TIM1_CC_IRQHandler)
    TIM1_TRG_COM_IRQHandler                  0x08002a8f   Thumb Code     2  stm32f10x_it.o(i.TIM1_TRG_COM_IRQHandler)
    TIM1_UP_IRQHandler                       0x08002a91   Thumb Code     2  stm32f10x_it.o(i.TIM1_UP_IRQHandler)
    TIM2_IRQHandler                          0x08002a93   Thumb Code     8  stm32f10x_it.o(i.TIM2_IRQHandler)
    TIM3_IRQHandler                          0x08002a9b   Thumb Code     8  stm32f10x_it.o(i.TIM3_IRQHandler)
    TIM4_IRQHandler                          0x08002aa3   Thumb Code     8  stm32f10x_it.o(i.TIM4_IRQHandler)
    TIM5_IRQHandler                          0x08002aab   Thumb Code     8  stm32f10x_it.o(i.TIM5_IRQHandler)
    TIM6_IRQHandler                          0x08002ab3   Thumb Code     8  stm32f10x_it.o(i.TIM6_IRQHandler)
    TIM7_IRQHandler                          0x08002abb   Thumb Code     2  stm32f10x_it.o(i.TIM7_IRQHandler)
    TIM8_BRK_IRQHandler                      0x08002abd   Thumb Code     2  stm32f10x_it.o(i.TIM8_BRK_IRQHandler)
    TIM8_CC_IRQHandler                       0x08002abf   Thumb Code     2  stm32f10x_it.o(i.TIM8_CC_IRQHandler)
    TIM8_TRG_COM_IRQHandler                  0x08002ac1   Thumb Code     2  stm32f10x_it.o(i.TIM8_TRG_COM_IRQHandler)
    TIM8_UP_IRQHandler                       0x08002ac3   Thumb Code     2  stm32f10x_it.o(i.TIM8_UP_IRQHandler)
    TIM_ClearFlag                            0x08002ac5   Thumb Code     6  stm32f10x_tim.o(i.TIM_ClearFlag)
    TIM_Cmd                                  0x08002acb   Thumb Code    24  stm32f10x_tim.o(i.TIM_Cmd)
    TIM_DeInit                               0x08002ae5   Thumb Code   424  stm32f10x_tim.o(i.TIM_DeInit)
    TIM_ITConfig                             0x08002ccd   Thumb Code    18  stm32f10x_tim.o(i.TIM_ITConfig)
    TIM_TimeBaseInit                         0x08002ce1   Thumb Code   122  stm32f10x_tim.o(i.TIM_TimeBaseInit)
    UART4_IRQHandler                         0x08002d85   Thumb Code     2  stm32f10x_it.o(i.UART4_IRQHandler)
    UART5_IRQHandler                         0x08002d87   Thumb Code     2  stm32f10x_it.o(i.UART5_IRQHandler)
    USART1_IRQHandler                        0x08002d89   Thumb Code     8  stm32f10x_it.o(i.USART1_IRQHandler)
    USART2_IRQHandler                        0x08002d91   Thumb Code     8  stm32f10x_it.o(i.USART2_IRQHandler)
    USART3_IRQHandler                        0x08002d99   Thumb Code     2  stm32f10x_it.o(i.USART3_IRQHandler)
    USART_ClearITPendingBit                  0x08002d9b   Thumb Code    30  stm32f10x_usart.o(i.USART_ClearITPendingBit)
    USART_ClockInit                          0x08002db9   Thumb Code    34  stm32f10x_usart.o(i.USART_ClockInit)
    USART_Cmd                                0x08002ddb   Thumb Code    24  stm32f10x_usart.o(i.USART_Cmd)
    USART_GetFlagStatus                      0x08002df3   Thumb Code    26  stm32f10x_usart.o(i.USART_GetFlagStatus)
    USART_GetITStatus                        0x08002e0d   Thumb Code    84  stm32f10x_usart.o(i.USART_GetITStatus)
    USART_ITConfig                           0x08002e61   Thumb Code    74  stm32f10x_usart.o(i.USART_ITConfig)
    USART_Init                               0x08002ead   Thumb Code   210  stm32f10x_usart.o(i.USART_Init)
    USART_ReceiveData                        0x08002f85   Thumb Code    10  stm32f10x_usart.o(i.USART_ReceiveData)
    USART_SendData                           0x08002f8f   Thumb Code     8  stm32f10x_usart.o(i.USART_SendData)
    USBWakeUp_IRQHandler                     0x08002f97   Thumb Code     2  stm32f10x_it.o(i.USBWakeUp_IRQHandler)
    WWDG_IRQHandler                          0x08002f99   Thumb Code     2  stm32f10x_it.o(i.WWDG_IRQHandler)
    __scatterload_copy                       0x08002f9b   Thumb Code    14  handlers.o(i.__scatterload_copy)
    __scatterload_null                       0x08002fa9   Thumb Code     2  handlers.o(i.__scatterload_null)
    __scatterload_zeroinit                   0x08002fab   Thumb Code    14  handlers.o(i.__scatterload_zeroinit)
    addqueue                                 0x08002fb9   Thumb Code   106  queue1.o(i.addqueue)
    an41908a_spi_pin_init                    0x08003031   Thumb Code   128  an41908a.o(i.an41908a_spi_pin_init)
    auto_focus_onepush                       0x080030b9   Thumb Code   138  main.o(i.auto_focus_onepush)
    cam_atw_level_get                        0x08003159   Thumb Code    20  camera_control.o(i.cam_atw_level_get)
    cam_atw_level_set                        0x0800316d   Thumb Code    20  camera_control.o(i.cam_atw_level_set)
    cam_brightness_get                       0x08003181   Thumb Code    46  camera_control.o(i.cam_brightness_get)
    cam_brightness_mode_get                  0x080031af   Thumb Code    18  camera_control.o(i.cam_brightness_mode_get)
    cam_brightness_set                       0x080031c1   Thumb Code    50  camera_control.o(i.cam_brightness_set)
    cam_color_bar_mode_set                   0x080031f3   Thumb Code    74  camera_control.o(i.cam_color_bar_mode_set)
    cam_color_mode_set                       0x0800323d   Thumb Code    60  camera_control.o(i.cam_color_mode_set)
    cam_cross_line_mode_set                  0x08003279   Thumb Code    74  camera_control.o(i.cam_cross_line_mode_set)
    cam_cvbs_mode_set                        0x080032c3   Thumb Code    56  camera_control.o(i.cam_cvbs_mode_set)
    cam_filt_cutter_set                      0x080032fd   Thumb Code    30  main.o(i.cam_filt_cutter_set)
    cam_framerate_set                        0x08003321   Thumb Code   246  camera_control.o(i.cam_framerate_set)
    cam_freeze_set                           0x08003417   Thumb Code    20  camera_control.o(i.cam_freeze_set)
    cam_frog_set                             0x0800342b   Thumb Code    62  camera_control.o(i.cam_frog_set)
    cam_get_parameters_by_block              0x08003469   Thumb Code   150  camera_control.o(i.cam_get_parameters_by_block)
    cam_get_parameters_by_block_8            0x08003519   Thumb Code   142  camera_control.o(i.cam_get_parameters_by_block_8)
    cam_get_parameters_oneByte               0x080035c1   Thumb Code    94  camera_control.o(i.cam_get_parameters_oneByte)
    cam_nega_posi_mode_set                   0x08003631   Thumb Code    60  camera_control.o(i.cam_nega_posi_mode_set)
    cam_osd_control                          0x0800366d   Thumb Code   148  osd_control.o(i.cam_osd_control)
    cam_picture_reverse_set                  0x08003709   Thumb Code    62  camera_control.o(i.cam_picture_reverse_set)
    cam_response_check                       0x08003749   Thumb Code    60  camera_control.o(i.cam_response_check)
    cam_sensor_format_set                    0x0800378d   Thumb Code    54  camera_control.o(i.cam_sensor_format_set)
    cam_set_parameters                       0x080037c5   Thumb Code    68  camera_control.o(i.cam_set_parameters)
    cam_set_parameters_by_block              0x0800380d   Thumb Code    72  camera_control.o(i.cam_set_parameters_by_block)
    cam_set_parameters_by_block_8            0x0800385d   Thumb Code    62  camera_control.o(i.cam_set_parameters_by_block_8)
    cam_shutter_mode_set                     0x080038a5   Thumb Code    30  camera_control.o(i.cam_shutter_mode_set)
    cam_shutter_value_get                    0x080038c5   Thumb Code    80  camera_control.o(i.cam_shutter_value_get)
    cam_zoom_data_set                        0x0800391d   Thumb Code    38  camera_control.o(i.cam_zoom_data_set)
    cam_zoom_disp_set                        0x08003943   Thumb Code    36  camera_control.o(i.cam_zoom_disp_set)
    cam_zoom_mode_set                        0x08003967   Thumb Code    36  camera_control.o(i.cam_zoom_mode_set)
    camera_buffer_send                       0x0800398d   Thumb Code    66  camera_control.o(i.camera_buffer_send)
    camera_cvbs_switch                       0x080039dd   Thumb Code    54  main.o(i.camera_cvbs_switch)
    camera_hd_switch                         0x08003a19   Thumb Code    54  main.o(i.camera_hd_switch)
    camera_ntsc_pal_switch                   0x08003d51   Thumb Code    54  main.o(i.camera_ntsc_pal_switch)
    camera_osd_key_emulate                   0x08003d8d   Thumb Code    18  camera_control.o(i.camera_osd_key_emulate)
    camera_osd_key_emulate_mode              0x08003da5   Thumb Code    18  camera_control.o(i.camera_osd_key_emulate_mode)
    camera_osd_switch                        0x08003dbd   Thumb Code    34  camera_control.o(i.camera_osd_switch)
    camera_power_key_pin_Init                0x08003de1   Thumb Code   154  main.o(i.camera_power_key_pin_Init)
    camera_power_off_on                      0x08003e89   Thumb Code    26  main.o(i.camera_power_off_on)
    camera_power_on_off                      0x08003ea9   Thumb Code    26  main.o(i.camera_power_on_off)
    camera_sensor_format_set_with_long_key   0x08003ec9   Thumb Code    48  main.o(i.camera_sensor_format_set_with_long_key)
    command_analysis                         0x08003efd   Thumb Code    26  protocol.o(i.command_analysis)
    delay_100ns                              0x08003f1d   Thumb Code    18  an41908a.o(i.delay_100ns)
    delay_10ns                               0x08003f2f   Thumb Code     6  an41908a.o(i.delay_10ns)
    delay_1ms                                0x08003f35   Thumb Code    30  motor.o(i.delay_1ms)
    delay_1us                                0x08003f53   Thumb Code    14  motor.o(i.delay_1us)
    delay_2us                                0x08003f61   Thumb Code    26  api.o(i.delay_2us)
    delay_50ns                               0x08003f7b   Thumb Code    18  an41908a.o(i.delay_50ns)
    delay_X1ms                               0x08003f8d   Thumb Code    20  motor.o(i.delay_X1ms)
    delay_half_ms                            0x08003fa1   Thumb Code    22  api.o(i.delay_half_ms)
    delay_half_second                        0x08003fb7   Thumb Code    38  api.o(i.delay_half_second)
    delay_half_us                            0x08003fdd   Thumb Code    16  api.o(i.delay_half_us)
    delayms                                  0x08003fed   Thumb Code    24  api.o(i.delayms)
    delqueue                                 0x08004005   Thumb Code    90  queue1.o(i.delqueue)
    dome_func_control                        0x0800406d   Thumb Code   778  extern_function.o(i.dome_func_control)
    eeprom_byte_read                         0x08004391   Thumb Code    20  bsp_spi_flash.o(i.eeprom_byte_read)
    eeprom_byte_write                        0x080043a5   Thumb Code    16  bsp_spi_flash.o(i.eeprom_byte_write)
    extern_function_pin_Init                 0x080043b5   Thumb Code   114  main.o(i.extern_function_pin_Init)
    extern_io2_output                        0x08004431   Thumb Code    38  extern_function.o(i.extern_io2_output)
    extern_io3_output                        0x08004461   Thumb Code    38  extern_function.o(i.extern_io3_output)
    extern_io_output                         0x08004491   Thumb Code    68  extern_function.o(i.extern_io_output)
    focus_MotorControll                      0x080044dd   Thumb Code   480  motor.o(i.focus_MotorControll)
    focus_action                             0x080046ed   Thumb Code    96  motor.o(i.focus_action)
    focus_goto_pos_absolutely                0x08004751   Thumb Code    76  motor.o(i.focus_goto_pos_absolutely)
    focus_motor_far                          0x080047a5   Thumb Code    20  motor.o(i.focus_motor_far)
    focus_motor_near                         0x080047bd   Thumb Code    20  motor.o(i.focus_motor_near)
    focus_motor_stop                         0x080047d5   Thumb Code    20  motor.o(i.focus_motor_stop)
    focus_pin_Init                           0x080047ed   Thumb Code    54  main.o(i.focus_pin_Init)
    get_baudrate                             0x08004829   Thumb Code    24  extern_function.o(i.get_baudrate)
    get_cam_para_all                         0x08004845   Thumb Code   142  camera_control.o(i.get_cam_para_all)
    get_domeID                               0x080048dd   Thumb Code    88  extern_function.o(i.get_domeID)
    get_syspara_from_eeporm                  0x08004941   Thumb Code    72  extern_function.o(i.get_syspara_from_eeporm)
    iris_auto_by_shutter_handle              0x0800498d   Thumb Code   220  main.o(i.iris_auto_by_shutter_handle)
    iris_close_set_relatively                0x08004a7d   Thumb Code    98  main.o(i.iris_close_set_relatively)
    iris_ex_pin_Init                         0x08004ae5   Thumb Code    68  main.o(i.iris_ex_pin_Init)
    iris_ex_pin_set                          0x08004b31   Thumb Code    62  main.o(i.iris_ex_pin_set)
    iris_lens_pos_init                       0x08004b7d   Thumb Code   112  main.o(i.iris_lens_pos_init)
    iris_manual_by_shutter_handle            0x08004bf1   Thumb Code    60  main.o(i.iris_manual_by_shutter_handle)
    iris_motor_plus                          0x08004c35   Thumb Code    50  motor.o(i.iris_motor_plus)
    iris_motor_sub                           0x08004c6d   Thumb Code    50  motor.o(i.iris_motor_sub)
    iris_open_set_relatively                 0x08004ca5   Thumb Code   100  main.o(i.iris_open_set_relatively)
    iris_pin_Init                            0x08004d0d   Thumb Code    60  main.o(i.iris_pin_Init)
    jiguang_cmd_packet_send                  0x08004d4d   Thumb Code    82  jiguang.o(i.jiguang_cmd_packet_send)
    jiguang_comm_init                        0x08004da5   Thumb Code    12  jiguang.o(i.jiguang_comm_init)
    jiguang_current_set                      0x08004db1   Thumb Code    26  jiguang.o(i.jiguang_current_set)
    jiguang_io_init                          0x08004dcd   Thumb Code    36  jiguang.o(i.jiguang_io_init)
    jiguang_motor_reset                      0x08004df5   Thumb Code    16  jiguang.o(i.jiguang_motor_reset)
    jiguang_zoom_handle                      0x08004e05   Thumb Code    52  jiguang.o(i.jiguang_zoom_handle)
    jiguang_zoom_set                         0x08004e3d   Thumb Code    28  jiguang.o(i.jiguang_zoom_set)
    key_long_osd_emu                         0x08004e59   Thumb Code    52  main.o(i.key_long_osd_emu)
    load_system_para                         0x08004e91   Thumb Code   140  extern_function.o(i.load_system_para)
    load_system_para_by_mode                 0x08004f21   Thumb Code   118  extern_function.o(i.load_system_para_by_mode)
    main                                     0x08004f9d   Thumb Code   358  main.o(i.main)
    motor_lens_voltage_set                   0x08005125   Thumb Code   238  extern_function.o(i.motor_lens_voltage_set)
    motor_voltage_pin_Init                   0x08005219   Thumb Code    62  main.o(i.motor_voltage_pin_Init)
    my_mem_free                              0x0800525d   Thumb Code    68  malloc.o(i.my_mem_free)
    my_mem_init                              0x080052ad   Thumb Code    24  malloc.o(i.my_mem_init)
    my_mem_malloc                            0x080052cd   Thumb Code   112  malloc.o(i.my_mem_malloc)
    my_mem_perused                           0x08005349   Thumb Code    42  malloc.o(i.my_mem_perused)
    my_memset                                0x08005373   Thumb Code    20  malloc.o(i.my_memset)
    my_proto_call_preset                     0x08005389   Thumb Code    32  rs485_response.o(i.my_proto_call_preset)
    myfree                                   0x080053ad   Thumb Code    22  malloc.o(i.myfree)
    mymalloc                                 0x080053c9   Thumb Code    26  malloc.o(i.mymalloc)
    ports_initial                            0x08005419   Thumb Code    84  main.o(i.ports_initial)
    prePoint_num_Function                    0x08005475   Thumb Code     6  main.o(i.prePoint_num_Function)
    ptz_execute                              0x0800547d   Thumb Code   102  main.o(i.ptz_execute)
    return_cmd_to_camlink                    0x080054f5   Thumb Code    62  protocol.o(i.return_cmd_to_camlink)
    save_baudrate                            0x08005535   Thumb Code    24  extern_function.o(i.save_baudrate)
    save_domeID                              0x08005551   Thumb Code    24  extern_function.o(i.save_domeID)
    save_system_para                         0x0800556d   Thumb Code    26  extern_function.o(i.save_system_para)
    send_bytes_to_jiguang                    0x080055a1   Thumb Code    62  jiguang.o(i.send_bytes_to_jiguang)
    send_to_rs485_data                       0x080055e5   Thumb Code    26  rs485_response.o(i.send_to_rs485_data)
    serial_int1_receive                      0x08005605   Thumb Code   164  main.o(i.serial_int1_receive)
    serial_int1_send                         0x080056bd   Thumb Code   116  main.o(i.serial_int1_send)
    set_cam_para_all                         0x08005745   Thumb Code   142  camera_control.o(i.set_cam_para_all)
    set_syspara_to_eeporm                    0x080057dd   Thumb Code    78  extern_function.o(i.set_syspara_to_eeporm)
    shutter_threshold_get                    0x08005835   Thumb Code    26  extern_function.o(i.shutter_threshold_get)
    shutter_threshold_set                    0x08005855   Thumb Code    14  extern_function.o(i.shutter_threshold_set)
    timer0_initial                           0x08005869   Thumb Code     8  main.o(i.timer0_initial)
    timer0_int                               0x08005871   Thumb Code    74  main.o(i.timer0_int)
    timer1_init                              0x080058cd   Thumb Code     8  motor.o(i.timer1_init)
    timer1_ovf_isr                           0x080058d5   Thumb Code   364  motor.o(i.timer1_ovf_isr)
    timer3_init                              0x08005a81   Thumb Code     8  main.o(i.timer3_init)
    timer3_ovf_isr                           0x08005a89   Thumb Code   366  motor.o(i.timer3_ovf_isr)
    txd1_buffer_send                         0x08005c41   Thumb Code    38  camera_control.o(i.txd1_buffer_send)
    uart0_init                               0x08005c75   Thumb Code   158  main.o(i.uart0_init)
    uart0_rx_isr                             0x08005d21   Thumb Code   458  protocol.o(i.uart0_rx_isr)
    uart_to_camera_init                      0x08005f25   Thumb Code    36  main.o(i.uart_to_camera_init)
    wait_not_this_command                    0x08005f4d   Thumb Code    28  osd_control.o(i.wait_not_this_command)
    wait_one_command                         0x08005f6d   Thumb Code    28  osd_control.o(i.wait_one_command)
    zoom_action                              0x08005f8d   Thumb Code   138  motor.o(i.zoom_action)
    zoom_motor_stop                          0x08006025   Thumb Code    24  motor.o(i.zoom_motor_stop)
    zoom_motor_tele                          0x08006041   Thumb Code    24  motor.o(i.zoom_motor_tele)
    zoom_motor_wide                          0x0800605d   Thumb Code    24  motor.o(i.zoom_motor_wide)
    zoom_pin_Init                            0x08006079   Thumb Code    60  main.o(i.zoom_pin_Init)
    cam_block_length_arr                     0x080060b8   Data           9  camera_control.o(.constdata)
    pt_code2motor                            0x080060c2   Data          18  motor.o(.constdata)
    MotorSpeed                               0x080060d4   Data         128  motor.o(.constdata)
    MotorSpeed_Tilt                          0x08006154   Data         128  motor.o(.constdata)
    focus_pos_table                          0x080061d8   Data       16360  public_variable.o(.constdata)
    Region$$Table$$Base                      0x0800a1c0   Number         0  anon$$obj.o(Region$$Table)
    Region$$Table$$Limit                     0x0800a1e0   Number         0  anon$$obj.o(Region$$Table)
    af_action_cnt                            0x20000014   Data           1  main.o(.data)
    af_action_onepush_cnt                    0x20000015   Data           1  main.o(.data)
    iii                                      0x20000016   Data           1  main.o(.data)
    cam_cmd_recieve_len                      0x20000017   Data           1  main.o(.data)
    cam_recieve_cnt_public                   0x20000018   Data           1  main.o(.data)
    key_check_period_cnt                     0x2000001a   Data           2  main.o(.data)
    timer_cnt_x2ms                           0x2000001c   Data           4  main.o(.data)
    KeyPre                                   0x20000020   Data           2  main.o(.data)
    KeyCurrent                               0x20000022   Data           2  main.o(.data)
    KeyStbLast                               0x20000024   Data           2  main.o(.data)
    KeyStb                                   0x20000026   Data           2  main.o(.data)
    KeyAvlUp                                 0x20000028   Data           2  main.o(.data)
    KeyAvlDown                               0x2000002a   Data           2  main.o(.data)
    key_val_table                            0x2000002c   Data          10  main.o(.data)
    zoom_state_cur                           0x20000036   Data           1  main.o(.data)
    focus_state_cur                          0x20000037   Data           1  main.o(.data)
    zf_state_cur                             0x20000038   Data           1  main.o(.data)
    iris_step_cnt                            0x2000003a   Data           2  main.o(.data)
    iris_auto_manual_state                   0x2000003c   Data           1  main.o(.data)
    shutter_val_auto_iris_level              0x2000003d   Data           1  main.o(.data)
    ttlen                                    0x20000040   Data           4  main.o(.data)
    ttlens                                   0x20000044   Data           4  main.o(.data)
    FlashID                                  0x20000048   Data           4  main.o(.data)
    lens_exposure_mode                       0x2000005f   Data           1  camera_control.o(.data)
    camera_id                                0x20000060   Data           1  camera_control.o(.data)
    iris_ctl_mode                            0x20000061   Data           1  extern_function.o(.data)
    ttst                                     0x20000062   Data           1  extern_function.o(.data)
    ttst2                                    0x20000063   Data           1  extern_function.o(.data)
    jiguang_zoom_steps                       0x20000064   Data           2  jiguang.o(.data)
    jiguang_zoom_state                       0x20000066   Data           1  jiguang.o(.data)
    mallco_dev                               0x20000068   Data        5452  malloc.o(.data)
    focus_run_state                          0x200015b4   Data           1  motor.o(.data)
    zoom_run_state                           0x200015b5   Data           1  motor.o(.data)
    zoom_run_state_pre                       0x200015b6   Data           1  motor.o(.data)
    zoom_pos_limit_state                     0x200015b7   Data           1  motor.o(.data)
    panpos                                   0x200015b8   Data           4  motor.o(.data)
    tiltpos                                  0x200015bc   Data           2  motor.o(.data)
    pstepcount                               0x200015c0   Data           4  motor.o(.data)
    tstepcount                               0x200015c4   Data           2  motor.o(.data)
    MotorTimeOut_2ms_Counter                 0x200015c6   Data           2  motor.o(.data)
    Uart0_rev_ena_for_flip                   0x200015e3   Data           1  motor.o(.data)
    zoom_table                               0x200015f2   Data           8  motor.o(.data)
    pb0_table                                0x200015fa   Data           8  motor.o(.data)
    pb1_table                                0x20001602   Data           8  motor.o(.data)
    pb2_table                                0x2000160a   Data           8  motor.o(.data)
    pb3_table                                0x20001612   Data           8  motor.o(.data)
    focus_table                              0x2000161a   Data           8  motor.o(.data)
    osdSwitchFlag                            0x20001628   Data           1  osd_control.o(.data)
    inquiry_time                             0x2000162a   Data           2  osd_control.o(.data)
    osd_menu_flag                            0x2000162c   Data           1  osd_control.o(.data)
    Isr_i                                    0x20001630   Data           1  protocol.o(.data)
    Isr_com1                                 0x20001631   Data           1  protocol.o(.data)
    Isr_j                                    0x20001632   Data           1  protocol.o(.data)
    keyboard_data_buffer_point               0x20001634   Data           4  protocol.o(.data)
    Pelco_fir_data                           0x20001638   Data           1  protocol.o(.data)
    Rec_byte_count                           0x20001639   Data           1  protocol.o(.data)
    cmd_type                                 0x2000163a   Data           1  protocol.o(.data)
    cmd_flag                                 0x2000163b   Data           1  protocol.o(.data)
    keyboard_data_history                    0x2000163c   Data           2  protocol.o(.data)
    x_his_speed                              0x2000163e   Data           1  protocol.o(.data)
    y_his_speed                              0x2000163f   Data           1  protocol.o(.data)
    Rec_byte_count_buff                      0x20001640   Data           1  protocol.o(.data)
    Rec_spe_byte_count_buff                  0x20001641   Data           1  protocol.o(.data)
    ultrak_erna_rec_tour_data_f              0x20001642   Data           1  protocol.o(.data)
    pan_direction                            0x20001643   Data           1  protocol.o(.data)
    tilt_direction                           0x20001644   Data           1  protocol.o(.data)
    pan_tilt_flag                            0x20001645   Data           1  protocol.o(.data)
    cam_brightness_val                       0x20001646   Data           1  protocol.o(.data)
    cam_atw_level                            0x20001647   Data           1  protocol.o(.data)
    cam_percent_val_table                    0x20001648   Data           9  protocol.o(.data)
    test1                                    0x20001652   Data           2  protocol.o(.data)
    test2                                    0x20001654   Data           2  protocol.o(.data)
    complex_cmd_flag                         0x20001656   Data           1  protocol.o(.data)
    complex_cmd                              0x20001657   Data           1  protocol.o(.data)
    QueueLenght                              0x2000165c   Data           1  queue1.o(.data)
    front                                    0x20001660   Data           4  queue1.o(.data)
    rear                                     0x20001664   Data           4  queue1.o(.data)
    ProUart0Rec                              0x20001668   Data           1  public_variable.o(.data)
    KBDRecWrongFlag                          0x20001669   Data           1  public_variable.o(.data)
    Current_Protocol                         0x2000166a   Data           1  public_variable.o(.data)
    domeNo                                   0x2000166b   Data           1  public_variable.o(.data)
    Protocol_No                              0x2000166c   Data           1  public_variable.o(.data)
    Baud_rate                                0x2000166d   Data           1  public_variable.o(.data)
    Rec_byte_com                             0x2000166e   Data           1  public_variable.o(.data)
    Rocket_fir_data                          0x2000166f   Data           1  public_variable.o(.data)
    Rocket_sec_data                          0x20001670   Data           1  public_variable.o(.data)
    Rocket_thr_data                          0x20001671   Data           1  public_variable.o(.data)
    Rocket_fou_data                          0x20001672   Data           1  public_variable.o(.data)
    Rocket_six_data                          0x20001673   Data           1  public_variable.o(.data)
    Rocket_fiv_data                          0x20001674   Data           1  public_variable.o(.data)
    command_byte                             0x20001675   Data           1  public_variable.o(.data)
    PanTiltStopFlag                          0x20001676   Data           1  public_variable.o(.data)
    PanTiltStopFlag1                         0x20001677   Data           1  public_variable.o(.data)
    Uart0RecResetFlag                        0x20001678   Data           1  public_variable.o(.data)
    ReturnStep_Zoomdata_Flag                 0x20001679   Data           1  public_variable.o(.data)
    com_buffer                               0x2000167a   Data           6  public_variable.o(.data)
    com_buffer_tilt                          0x20001680   Data           6  public_variable.o(.data)
    txd1_buff_cFlag                          0x20001686   Data           1  public_variable.o(.data)
    rxd1_buff_cFlag                          0x20001687   Data           1  public_variable.o(.data)
    counter_receive                          0x20001688   Data           1  public_variable.o(.data)
    cam_counter_send                         0x20001689   Data           1  public_variable.o(.data)
    cam_cmd_lenth                            0x2000168a   Data           1  public_variable.o(.data)
    Call_presetpoint_flag                    0x2000168b   Data           1  public_variable.o(.data)
    MOTO_move_tilt::MotoMovePanTilt          0x2000168c   Data           1  motor.o(.data__ZZ14MOTO_move_tiltE15MotoMovePanTilt)
    timer1_ovf_isr::focus_sensor_state       0x2000168d   Data           1  motor.o(.data__ZZ14timer1_ovf_isrE18focus_sensor_state)
    timer1_ovf_isr::focus_sensor_state_pre   0x2000168e   Data           1  motor.o(.data__ZZ14timer1_ovf_isrE22focus_sensor_state_pre)
    MOTO_move::MotoMovePanTilt               0x2000168f   Data           1  motor.o(.data__ZZ9MOTO_moveE15MotoMovePanTilt)
    system_para_com                          0x20001690   Data         511  extern_function.o(.bss)
    keyboard_data_buffer                     0x2000189e   Data          20  protocol.o(.bss)
    Rec_keyboard_data_buffer                 0x200018c6   Data          20  public_variable.o(.bss)
    txd1_buffer                              0x200018da   Data         200  public_variable.o(.bss)
    rxd1_buffer                              0x200019a2   Data         200  public_variable.o(.bss)
    system_para                              0x20001a6a   Data         511  public_variable.o(.bss)
    return_rs485_buff                        0x20001c69   Data          15  rs485_response.o(.bss)
    __initial_sp                             0x20002078   Data           0  startup_stm32f10x_hd.o(STACK)



==============================================================================

Memory Map of the image

  Image Entry point : 0x08000131

  Load Region LR_IROM1 (Base: 0x08000000, Size: 0x0000b870, Max: 0x00040000, ABSOLUTE, COMPRESSED[0x0000a268])

    Execution Region ER_IROM1 (Base: 0x08000000, Size: 0x0000a1e0, Max: 0x00040000, ABSOLUTE)

    Base Addr    Size         Type   Attr      Idx    E Section Name        Object

    0x08000000   0x00000130   Data   RO            3    RESET               startup_stm32f10x_hd.o
    0x08000130   0x00000000   Code   RO         5726  * .ARM.Collect$$$$00000000  mc_w.l(entry.o)
    0x08000130   0x00000004   Code   RO         5741    .ARM.Collect$$$$00000001  mc_w.l(entry2.o)
    0x08000134   0x00000004   Code   RO         5744    .ARM.Collect$$$$00000004  mc_w.l(entry5.o)
    0x08000138   0x00000000   Code   RO         5746    .ARM.Collect$$$$00000008  mc_w.l(entry7b.o)
    0x08000138   0x00000000   Code   RO         5748    .ARM.Collect$$$$0000000A  mc_w.l(entry8b.o)
    0x08000138   0x00000008   Code   RO         5749    .ARM.Collect$$$$0000000B  mc_w.l(entry9a.o)
    0x08000140   0x00000000   Code   RO         5751    .ARM.Collect$$$$0000000D  mc_w.l(entry10a.o)
    0x08000140   0x00000000   Code   RO         5753    .ARM.Collect$$$$0000000F  mc_w.l(entry11a.o)
    0x08000140   0x00000004   Code   RO         5742    .ARM.Collect$$$$00002712  mc_w.l(entry2.o)
    0x08000144   0x00000024   Code   RO            4    .text               startup_stm32f10x_hd.o
    0x08000168   0x0000014e   Code   RO         5729    .text               mf_w.l(dadd.o)
    0x080002b6   0x000000de   Code   RO         5731    .text               mf_w.l(ddiv.o)
    0x08000394   0x0000003e   Code   RO         5735    .text               mf_w.l(dfixi.o)
    0x080003d2   0x00000002   PAD
    0x080003d4   0x00000030   Code   RO         5737    .text               mf_w.l(cdcmple.o)
    0x08000404   0x0000001e   Code   RO         5755    .text               mc_w.l(llshl.o)
    0x08000422   0x00000020   Code   RO         5757    .text               mc_w.l(llushr.o)
    0x08000442   0x00000024   Code   RO         5759    .text               mc_w.l(llsshr.o)
    0x08000466   0x00000000   Code   RO         5761    .text               mc_w.l(iusefp.o)
    0x08000466   0x000000ba   Code   RO         5764    .text               mf_w.l(depilogue.o)
    0x08000520   0x00000024   Code   RO         5766    .text               mc_w.l(init.o)
    0x08000544   0x00000056   Code   RO         5776    .text               mc_w.l(__dczerorl2.o)
    0x0800059a   0x00000002   Code   RO         3108    i.ADC1_2_IRQHandler  stm32f10x_it.o
    0x0800059c   0x00000002   Code   RO         3109    i.ADC3_IRQHandler   stm32f10x_it.o
    0x0800059e   0x00000048   Code   RO         4120    i.APP_TIM2_IRQHandler  api.o
    0x080005e6   0x00000002   PAD
    0x080005e8   0x0000004c   Code   RO         4949    i.APP_TIM3_IRQHandler  motor.o
    0x08000634   0x00000040   Code   RO         4121    i.APP_TIM4_IRQHandler  api.o
    0x08000674   0x0000004c   Code   RO         4950    i.APP_TIM5_IRQHandler  motor.o
    0x080006c0   0x00000002   Code   RO         4122    i.APP_TIM6_IRQHandler  api.o
    0x080006c2   0x00000002   PAD
    0x080006c4   0x00000050   Code   RO         4123    i.APP_USART1_Baudrate  api.o
    0x08000714   0x00000030   Code   RO         4124    i.APP_USART1_IRQHandler  api.o
    0x08000744   0x00000030   Code   RO         4125    i.APP_USART2_Baudrate  api.o
    0x08000774   0x00000050   Code   RO         4126    i.APP_USART2_IRQHandler  api.o
    0x080007c4   0x00000030   Code   RO         4793    i.APP_USART3_Baudrate  jiguang.o
    0x080007f4   0x0000000c   Code   RO          408    i.BKP_TamperPinCmd  stm32f10x_bkp.o
    0x08000800   0x00000018   Code   RO         4129    i.BSP_DelayMS       api.o
    0x08000818   0x00000010   Code   RO         4133    i.BSP_Init          api.o
    0x08000828   0x0000000c   Code   RO         4135    i.BSP_NVIC_Init     api.o
    0x08000834   0x0000006a   Code   RO         4138    i.BSP_RCC_Init      api.o
    0x0800089e   0x00000002   Code   RO         4139    i.BSP_SysTick_Init  api.o
    0x080008a0   0x00000070   Code   RO         4140    i.BSP_Timer2_Init   api.o
    0x08000910   0x00000068   Code   RO         4141    i.BSP_Timer3_Init   api.o
    0x08000978   0x00000064   Code   RO         4143    i.BSP_Timer5_Init   api.o
    0x080009dc   0x0000009c   Code   RO         4145    i.BSP_USART1_Init   api.o
    0x08000a78   0x00000074   Code   RO         4146    i.BSP_USART2_Init   api.o
    0x08000aec   0x00000078   Code   RO         4794    i.BSP_USART3_Init   jiguang.o
    0x08000b64   0x00000002   Code   RO         3113    i.DMA1_Channel1_IRQHandler  stm32f10x_it.o
    0x08000b66   0x00000002   Code   RO         3114    i.DMA1_Channel2_IRQHandler  stm32f10x_it.o
    0x08000b68   0x00000002   Code   RO         3115    i.DMA1_Channel3_IRQHandler  stm32f10x_it.o
    0x08000b6a   0x00000002   Code   RO         3116    i.DMA1_Channel4_IRQHandler  stm32f10x_it.o
    0x08000b6c   0x00000002   Code   RO         3117    i.DMA1_Channel5_IRQHandler  stm32f10x_it.o
    0x08000b6e   0x00000002   Code   RO         3118    i.DMA1_Channel6_IRQHandler  stm32f10x_it.o
    0x08000b70   0x00000002   Code   RO         3119    i.DMA1_Channel7_IRQHandler  stm32f10x_it.o
    0x08000b72   0x00000002   Code   RO         3120    i.DMA2_Channel1_IRQHandler  stm32f10x_it.o
    0x08000b74   0x00000002   Code   RO         3121    i.DMA2_Channel2_IRQHandler  stm32f10x_it.o
    0x08000b76   0x00000002   Code   RO         3122    i.DMA2_Channel3_IRQHandler  stm32f10x_it.o
    0x08000b78   0x00000002   Code   RO         3123    i.DMA2_Channel4_5_IRQHandler  stm32f10x_it.o
    0x08000b7a   0x00000002   PAD
    0x08000b7c   0x000000d4   Code   RO         4951    i.Dir_Pos_focus     motor.o
    0x08000c50   0x00000002   Code   RO         3125    i.EXTI0_IRQHandler  stm32f10x_it.o
    0x08000c52   0x00000002   Code   RO         3126    i.EXTI15_10_IRQHandler  stm32f10x_it.o
    0x08000c54   0x00000002   Code   RO         3127    i.EXTI1_IRQHandler  stm32f10x_it.o
    0x08000c56   0x00000002   Code   RO         3128    i.EXTI2_IRQHandler  stm32f10x_it.o
    0x08000c58   0x00000002   Code   RO         3129    i.EXTI3_IRQHandler  stm32f10x_it.o
    0x08000c5a   0x00000002   Code   RO         3130    i.EXTI4_IRQHandler  stm32f10x_it.o
    0x08000c5c   0x00000002   Code   RO         3131    i.EXTI9_5_IRQHandler  stm32f10x_it.o
    0x08000c5e   0x00000002   PAD
    0x08000c60   0x00000094   Code   RO          944    i.EXTI_Init         stm32f10x_exti.o
    0x08000cf4   0x00000002   Code   RO         3132    i.FLASH_IRQHandler  stm32f10x_it.o
    0x08000cf6   0x00000002   PAD
    0x08000cf8   0x0000001c   Code   RO         1009    i.FLASH_PrefetchBufferCmd  stm32f10x_flash.o
    0x08000d14   0x00000018   Code   RO         1014    i.FLASH_SetLatency  stm32f10x_flash.o
    0x08000d2c   0x00000002   Code   RO         3133    i.FSMC_IRQHandler   stm32f10x_it.o
    0x08000d2e   0x00000116   Code   RO         1292    i.GPIO_Init         stm32f10x_gpio.o
    0x08000e44   0x00000090   Code   RO         1294    i.GPIO_PinRemapConfig  stm32f10x_gpio.o
    0x08000ed4   0x00000012   Code   RO         1296    i.GPIO_ReadInputDataBit  stm32f10x_gpio.o
    0x08000ee6   0x00000004   Code   RO         1299    i.GPIO_ResetBits    stm32f10x_gpio.o
    0x08000eea   0x00000004   Code   RO         1300    i.GPIO_SetBits      stm32f10x_gpio.o
    0x08000eee   0x0000000a   Code   RO         1303    i.GPIO_WriteBit     stm32f10x_gpio.o
    0x08000ef8   0x00000058   Code   RO         4365    i.GenCRC            camera_control.o
    0x08000f50   0x00000002   Code   RO         3135    i.I2C1_ER_IRQHandler  stm32f10x_it.o
    0x08000f52   0x00000002   Code   RO         3136    i.I2C1_EV_IRQHandler  stm32f10x_it.o
    0x08000f54   0x00000002   Code   RO         3137    i.I2C2_ER_IRQHandler  stm32f10x_it.o
    0x08000f56   0x00000002   Code   RO         3138    i.I2C2_EV_IRQHandler  stm32f10x_it.o
    0x08000f58   0x000000ce   Code   RO         3576    i.InterruptConfig   main.o
    0x08001026   0x00000002   PAD
    0x08001028   0x0000002c   Code   RO         5278    i.Keyboard_camera_porotocol_2  protocol.o
    0x08001054   0x00000070   Code   RO         3985    i.LenDrvZoomMove    an41908a.o
    0x080010c4   0x000000a0   Code   RO         3987    i.LensDrvFocusZoomInit  an41908a.o
    0x08001164   0x0000000c   Code   RO         3988    i.LensDrvInit       an41908a.o
    0x08001170   0x0000005a   Code   RO         3989    i.LensDrvIrisInit   an41908a.o
    0x080011ca   0x00000002   PAD
    0x080011cc   0x000000f8   Code   RO         3991    i.LensDrvSPIReadUint  an41908a.o
    0x080012c4   0x000000f4   Code   RO         3992    i.LensDrvSPIWriteUint  an41908a.o
    0x080013b8   0x00000016   Code   RO         3993    i.LensdrvDelay_us   an41908a.o
    0x080013ce   0x00000002   PAD
    0x080013d0   0x00000208   Code   RO         5203    i.MOTO_move         motor.o
    0x080015d8   0x0000014c   Code   RO         5191    i.MOTO_move_tilt    motor.o
    0x08001724   0x00000006   Code   RO         4955    i.MotorSpeedClass   motor.o
    0x0800172a   0x00000002   PAD
    0x0800172c   0x00000110   Code   RO         4956    i.MotorStop         motor.o
    0x0800183c   0x00000070   Code   RO          137    i.NVIC_Init         misc.o
    0x080018ac   0x00000014   Code   RO          138    i.NVIC_PriorityGroupConfig  misc.o
    0x080018c0   0x00000014   Code   RO          139    i.NVIC_SetVectorTable  misc.o
    0x080018d4   0x00000890   Code   RO         5279    i.PELCO_D_P_protocol_analysis_2  protocol.o
    0x08002164   0x00000002   Code   RO         3141    i.PVD_IRQHandler    stm32f10x_it.o
    0x08002166   0x00000002   PAD
    0x08002168   0x0000000c   Code   RO         1646    i.PWR_BackupAccessCmd  stm32f10x_pwr.o
    0x08002174   0x00000018   Code   RO         1706    i.RCC_ADCCLKConfig  stm32f10x_rcc.o
    0x0800218c   0x00000020   Code   RO         1708    i.RCC_APB1PeriphClockCmd  stm32f10x_rcc.o
    0x080021ac   0x00000020   Code   RO         1709    i.RCC_APB1PeriphResetCmd  stm32f10x_rcc.o
    0x080021cc   0x00000020   Code   RO         1710    i.RCC_APB2PeriphClockCmd  stm32f10x_rcc.o
    0x080021ec   0x00000020   Code   RO         1711    i.RCC_APB2PeriphResetCmd  stm32f10x_rcc.o
    0x0800220c   0x0000004c   Code   RO         1717    i.RCC_DeInit        stm32f10x_rcc.o
    0x08002258   0x000000d4   Code   RO         1718    i.RCC_GetClocksFreq  stm32f10x_rcc.o
    0x0800232c   0x0000003c   Code   RO         1719    i.RCC_GetFlagStatus  stm32f10x_rcc.o
    0x08002368   0x00000010   Code   RO         1721    i.RCC_GetSYSCLKSource  stm32f10x_rcc.o
    0x08002378   0x00000018   Code   RO         1722    i.RCC_HCLKConfig    stm32f10x_rcc.o
    0x08002390   0x0000004c   Code   RO         1723    i.RCC_HSEConfig     stm32f10x_rcc.o
    0x080023dc   0x00000002   Code   RO         3143    i.RCC_IRQHandler    stm32f10x_it.o
    0x080023de   0x00000002   PAD
    0x080023e0   0x00000034   Code   RO         1726    i.RCC_LSEConfig     stm32f10x_rcc.o
    0x08002414   0x00000018   Code   RO         1729    i.RCC_PCLK1Config   stm32f10x_rcc.o
    0x0800242c   0x00000018   Code   RO         1730    i.RCC_PCLK2Config   stm32f10x_rcc.o
    0x08002444   0x0000000c   Code   RO         1731    i.RCC_PLLCmd        stm32f10x_rcc.o
    0x08002450   0x0000001c   Code   RO         1732    i.RCC_PLLConfig     stm32f10x_rcc.o
    0x0800246c   0x00000018   Code   RO         1735    i.RCC_SYSCLKConfig  stm32f10x_rcc.o
    0x08002484   0x00000038   Code   RO         1737    i.RCC_WaitForHSEStartUp  stm32f10x_rcc.o
    0x080024bc   0x00000058   Code   RO         3577    i.RS485_SendBytes   main.o
    0x08002514   0x00000002   Code   RO         3144    i.RTCAlarm_IRQHandler  stm32f10x_it.o
    0x08002516   0x00000002   Code   RO         3145    i.RTC_IRQHandler    stm32f10x_it.o
    0x08002518   0x00000002   Code   RO         3146    i.SDIO_IRQHandler   stm32f10x_it.o
    0x0800251a   0x00000002   Code   RO         3147    i.SPI1_IRQHandler   stm32f10x_it.o
    0x0800251c   0x00000002   Code   RO         3148    i.SPI2_IRQHandler   stm32f10x_it.o
    0x0800251e   0x00000002   Code   RO         3149    i.SPI3_IRQHandler   stm32f10x_it.o
    0x08002520   0x00000018   Code   RO         2187    i.SPI_Cmd           stm32f10x_spi.o
    0x08002538   0x00000050   Code   RO         5597    i.SPI_FLASH_BufferRead  bsp_spi_flash.o
    0x08002588   0x00000122   Code   RO         5598    i.SPI_FLASH_BufferWrite  bsp_spi_flash.o
    0x080026aa   0x00000002   PAD
    0x080026ac   0x000000c4   Code   RO         5600    i.SPI_FLASH_Init    bsp_spi_flash.o
    0x08002770   0x00000060   Code   RO         5602    i.SPI_FLASH_PageWrite  bsp_spi_flash.o
    0x080027d0   0x00000038   Code   RO         5607    i.SPI_FLASH_SendByte  bsp_spi_flash.o
    0x08002808   0x00000034   Code   RO         5610    i.SPI_FLASH_WaitForWriteEnd  bsp_spi_flash.o
    0x0800283c   0x00000020   Code   RO         5611    i.SPI_FLASH_WriteEnable  bsp_spi_flash.o
    0x0800285c   0x00000012   Code   RO         2195    i.SPI_I2S_GetFlagStatus  stm32f10x_spi.o
    0x0800286e   0x00000006   Code   RO         2198    i.SPI_I2S_ReceiveData  stm32f10x_spi.o
    0x08002874   0x00000004   Code   RO         2199    i.SPI_I2S_SendData  stm32f10x_spi.o
    0x08002878   0x0000003c   Code   RO         2200    i.SPI_Init          stm32f10x_spi.o
    0x080028b4   0x00000008   Code   RO           24    i.SetSysClock       system_stm32f10x.o
    0x080028bc   0x000000e0   Code   RO           25    i.SetSysClockTo72   system_stm32f10x.o
    0x0800299c   0x00000060   Code   RO           27    i.SystemInit        system_stm32f10x.o
    0x080029fc   0x0000008c   Code   RO         5281    i.System_data_init  protocol.o
    0x08002a88   0x00000002   Code   RO         3152    i.TAMPER_IRQHandler  stm32f10x_it.o
    0x08002a8a   0x00000002   Code   RO         3153    i.TIM1_BRK_IRQHandler  stm32f10x_it.o
    0x08002a8c   0x00000002   Code   RO         3154    i.TIM1_CC_IRQHandler  stm32f10x_it.o
    0x08002a8e   0x00000002   Code   RO         3155    i.TIM1_TRG_COM_IRQHandler  stm32f10x_it.o
    0x08002a90   0x00000002   Code   RO         3156    i.TIM1_UP_IRQHandler  stm32f10x_it.o
    0x08002a92   0x00000008   Code   RO         3157    i.TIM2_IRQHandler   stm32f10x_it.o
    0x08002a9a   0x00000008   Code   RO         3158    i.TIM3_IRQHandler   stm32f10x_it.o
    0x08002aa2   0x00000008   Code   RO         3159    i.TIM4_IRQHandler   stm32f10x_it.o
    0x08002aaa   0x00000008   Code   RO         3160    i.TIM5_IRQHandler   stm32f10x_it.o
    0x08002ab2   0x00000008   Code   RO         3161    i.TIM6_IRQHandler   stm32f10x_it.o
    0x08002aba   0x00000002   Code   RO         3162    i.TIM7_IRQHandler   stm32f10x_it.o
    0x08002abc   0x00000002   Code   RO         3163    i.TIM8_BRK_IRQHandler  stm32f10x_it.o
    0x08002abe   0x00000002   Code   RO         3164    i.TIM8_CC_IRQHandler  stm32f10x_it.o
    0x08002ac0   0x00000002   Code   RO         3165    i.TIM8_TRG_COM_IRQHandler  stm32f10x_it.o
    0x08002ac2   0x00000002   Code   RO         3166    i.TIM8_UP_IRQHandler  stm32f10x_it.o
    0x08002ac4   0x00000006   Code   RO         2336    i.TIM_ClearFlag     stm32f10x_tim.o
    0x08002aca   0x00000018   Code   RO         2342    i.TIM_Cmd           stm32f10x_tim.o
    0x08002ae2   0x00000002   PAD
    0x08002ae4   0x000001e8   Code   RO         2347    i.TIM_DeInit        stm32f10x_tim.o
    0x08002ccc   0x00000012   Code   RO         2367    i.TIM_ITConfig      stm32f10x_tim.o
    0x08002cde   0x00000002   PAD
    0x08002ce0   0x000000a4   Code   RO         2413    i.TIM_TimeBaseInit  stm32f10x_tim.o
    0x08002d84   0x00000002   Code   RO         3167    i.UART4_IRQHandler  stm32f10x_it.o
    0x08002d86   0x00000002   Code   RO         3168    i.UART5_IRQHandler  stm32f10x_it.o
    0x08002d88   0x00000008   Code   RO         3169    i.USART1_IRQHandler  stm32f10x_it.o
    0x08002d90   0x00000008   Code   RO         3170    i.USART2_IRQHandler  stm32f10x_it.o
    0x08002d98   0x00000002   Code   RO         3171    i.USART3_IRQHandler  stm32f10x_it.o
    0x08002d9a   0x0000001e   Code   RO         2875    i.USART_ClearITPendingBit  stm32f10x_usart.o
    0x08002db8   0x00000022   Code   RO         2876    i.USART_ClockInit   stm32f10x_usart.o
    0x08002dda   0x00000018   Code   RO         2878    i.USART_Cmd         stm32f10x_usart.o
    0x08002df2   0x0000001a   Code   RO         2881    i.USART_GetFlagStatus  stm32f10x_usart.o
    0x08002e0c   0x00000054   Code   RO         2882    i.USART_GetITStatus  stm32f10x_usart.o
    0x08002e60   0x0000004a   Code   RO         2884    i.USART_ITConfig    stm32f10x_usart.o
    0x08002eaa   0x00000002   PAD
    0x08002eac   0x000000d8   Code   RO         2885    i.USART_Init        stm32f10x_usart.o
    0x08002f84   0x0000000a   Code   RO         2892    i.USART_ReceiveData  stm32f10x_usart.o
    0x08002f8e   0x00000008   Code   RO         2895    i.USART_SendData    stm32f10x_usart.o
    0x08002f96   0x00000002   Code   RO         3172    i.USBWakeUp_IRQHandler  stm32f10x_it.o
    0x08002f98   0x00000002   Code   RO         3176    i.WWDG_IRQHandler   stm32f10x_it.o
    0x08002f9a   0x0000000e   Code   RO         5770    i.__scatterload_copy  mc_w.l(handlers.o)
    0x08002fa8   0x00000002   Code   RO         5771    i.__scatterload_null  mc_w.l(handlers.o)
    0x08002faa   0x0000000e   Code   RO         5772    i.__scatterload_zeroinit  mc_w.l(handlers.o)
    0x08002fb8   0x00000078   Code   RO         5338    i.addqueue          queue1.o
    0x08003030   0x00000088   Code   RO         3999    i.an41908a_spi_pin_init  an41908a.o
    0x080030b8   0x000000a0   Code   RO         3579    i.auto_focus_onepush  main.o
    0x08003158   0x00000014   Code   RO         4367    i.cam_atw_level_get  camera_control.o
    0x0800316c   0x00000014   Code   RO         4368    i.cam_atw_level_set  camera_control.o
    0x08003180   0x0000002e   Code   RO         4369    i.cam_brightness_get  camera_control.o
    0x080031ae   0x00000012   Code   RO         4370    i.cam_brightness_mode_get  camera_control.o
    0x080031c0   0x00000032   Code   RO         4372    i.cam_brightness_set  camera_control.o
    0x080031f2   0x0000004a   Code   RO         4373    i.cam_color_bar_mode_set  camera_control.o
    0x0800323c   0x0000003c   Code   RO         4374    i.cam_color_mode_set  camera_control.o
    0x08003278   0x0000004a   Code   RO         4377    i.cam_cross_line_mode_set  camera_control.o
    0x080032c2   0x00000038   Code   RO         4378    i.cam_cvbs_mode_set  camera_control.o
    0x080032fa   0x00000002   PAD
    0x080032fc   0x00000024   Code   RO         3582    i.cam_filt_cutter_set  main.o
    0x08003320   0x000000f6   Code   RO         4380    i.cam_framerate_set  camera_control.o
    0x08003416   0x00000014   Code   RO         4382    i.cam_freeze_set    camera_control.o
    0x0800342a   0x0000003e   Code   RO         4383    i.cam_frog_set      camera_control.o
    0x08003468   0x000000b0   Code   RO         4385    i.cam_get_parameters_by_block  camera_control.o
    0x08003518   0x000000a8   Code   RO         4386    i.cam_get_parameters_by_block_8  camera_control.o
    0x080035c0   0x00000070   Code   RO         4387    i.cam_get_parameters_oneByte  camera_control.o
    0x08003630   0x0000003c   Code   RO         4391    i.cam_nega_posi_mode_set  camera_control.o
    0x0800366c   0x0000009c   Code   RO         5239    i.cam_osd_control   osd_control.o
    0x08003708   0x0000003e   Code   RO         4392    i.cam_picture_reverse_set  camera_control.o
    0x08003746   0x00000002   PAD
    0x08003748   0x00000044   Code   RO         4394    i.cam_response_check  camera_control.o
    0x0800378c   0x00000036   Code   RO         4396    i.cam_sensor_format_set  camera_control.o
    0x080037c2   0x00000002   PAD
    0x080037c4   0x00000048   Code   RO         4397    i.cam_set_parameters  camera_control.o
    0x0800380c   0x00000050   Code   RO         4398    i.cam_set_parameters_by_block  camera_control.o
    0x0800385c   0x00000048   Code   RO         4399    i.cam_set_parameters_by_block_8  camera_control.o
    0x080038a4   0x0000001e   Code   RO         4400    i.cam_shutter_mode_set  camera_control.o
    0x080038c2   0x00000002   PAD
    0x080038c4   0x00000058   Code   RO         4401    i.cam_shutter_value_get  camera_control.o
    0x0800391c   0x00000026   Code   RO         4403    i.cam_zoom_data_set  camera_control.o
    0x08003942   0x00000024   Code   RO         4404    i.cam_zoom_disp_set  camera_control.o
    0x08003966   0x00000024   Code   RO         4406    i.cam_zoom_mode_set  camera_control.o
    0x0800398a   0x00000002   PAD
    0x0800398c   0x00000050   Code   RO         4407    i.camera_buffer_send  camera_control.o
    0x080039dc   0x0000003c   Code   RO         3583    i.camera_cvbs_switch  main.o
    0x08003a18   0x0000003c   Code   RO         3584    i.camera_hd_switch  main.o
    0x08003a54   0x000002fc   Code   RO         5282    i.camera_link_protocol_analysis  protocol.o
    0x08003d50   0x0000003c   Code   RO         3585    i.camera_ntsc_pal_switch  main.o
    0x08003d8c   0x00000018   Code   RO         4408    i.camera_osd_key_emulate  camera_control.o
    0x08003da4   0x00000018   Code   RO         4409    i.camera_osd_key_emulate_mode  camera_control.o
    0x08003dbc   0x00000022   Code   RO         4410    i.camera_osd_switch  camera_control.o
    0x08003dde   0x00000002   PAD
    0x08003de0   0x000000a8   Code   RO         3586    i.camera_power_key_pin_Init  main.o
    0x08003e88   0x00000020   Code   RO         3587    i.camera_power_off_on  main.o
    0x08003ea8   0x00000020   Code   RO         3588    i.camera_power_on_off  main.o
    0x08003ec8   0x00000034   Code   RO         3590    i.camera_sensor_format_set_with_long_key  main.o
    0x08003efc   0x00000020   Code   RO         5283    i.command_analysis  protocol.o
    0x08003f1c   0x00000012   Code   RO         4000    i.delay_100ns       an41908a.o
    0x08003f2e   0x00000006   Code   RO         4001    i.delay_10ns        an41908a.o
    0x08003f34   0x0000001e   Code   RO         4960    i.delay_1ms         motor.o
    0x08003f52   0x0000000e   Code   RO         4961    i.delay_1us         motor.o
    0x08003f60   0x0000001a   Code   RO         4150    i.delay_2us         api.o
    0x08003f7a   0x00000012   Code   RO         4002    i.delay_50ns        an41908a.o
    0x08003f8c   0x00000014   Code   RO         4962    i.delay_X1ms        motor.o
    0x08003fa0   0x00000016   Code   RO         4151    i.delay_half_ms     api.o
    0x08003fb6   0x00000026   Code   RO         4152    i.delay_half_second  api.o
    0x08003fdc   0x00000010   Code   RO         4153    i.delay_half_us     api.o
    0x08003fec   0x00000018   Code   RO         4154    i.delayms           api.o
    0x08004004   0x00000068   Code   RO         5339    i.delqueue          queue1.o
    0x0800406c   0x00000324   Code   RO         4683    i.dome_func_control  extern_function.o
    0x08004390   0x00000014   Code   RO         5614    i.eeprom_byte_read  bsp_spi_flash.o
    0x080043a4   0x00000010   Code   RO         5615    i.eeprom_byte_write  bsp_spi_flash.o
    0x080043b4   0x0000007c   Code   RO         3591    i.extern_function_pin_Init  main.o
    0x08004430   0x00000030   Code   RO         4684    i.extern_io2_output  extern_function.o
    0x08004460   0x00000030   Code   RO         4685    i.extern_io3_output  extern_function.o
    0x08004490   0x0000004c   Code   RO         4686    i.extern_io_output  extern_function.o
    0x080044dc   0x00000210   Code   RO         4963    i.focus_MotorControll  motor.o
    0x080046ec   0x00000064   Code   RO         4964    i.focus_action      motor.o
    0x08004750   0x00000054   Code   RO         4965    i.focus_goto_pos_absolutely  motor.o
    0x080047a4   0x00000018   Code   RO         4968    i.focus_motor_far   motor.o
    0x080047bc   0x00000018   Code   RO         4969    i.focus_motor_near  motor.o
    0x080047d4   0x00000018   Code   RO         4970    i.focus_motor_stop  motor.o
    0x080047ec   0x0000003c   Code   RO         3592    i.focus_pin_Init    main.o
    0x08004828   0x0000001c   Code   RO         4687    i.get_baudrate      extern_function.o
    0x08004844   0x00000098   Code   RO         4411    i.get_cam_para_all  camera_control.o
    0x080048dc   0x00000064   Code   RO         4688    i.get_domeID        extern_function.o
    0x08004940   0x0000004c   Code   RO         4689    i.get_syspara_from_eeporm  extern_function.o
    0x0800498c   0x000000f0   Code   RO         3593    i.iris_auto_by_shutter_handle  main.o
    0x08004a7c   0x00000068   Code   RO         3595    i.iris_close_set_relatively  main.o
    0x08004ae4   0x0000004c   Code   RO         3596    i.iris_ex_pin_Init  main.o
    0x08004b30   0x0000004c   Code   RO         3597    i.iris_ex_pin_set   main.o
    0x08004b7c   0x00000074   Code   RO         3598    i.iris_lens_pos_init  main.o
    0x08004bf0   0x00000044   Code   RO         3599    i.iris_manual_by_shutter_handle  main.o
    0x08004c34   0x00000038   Code   RO         4973    i.iris_motor_plus   motor.o
    0x08004c6c   0x00000038   Code   RO         4975    i.iris_motor_sub    motor.o
    0x08004ca4   0x00000068   Code   RO         3600    i.iris_open_set_relatively  main.o
    0x08004d0c   0x00000040   Code   RO         3601    i.iris_pin_Init     main.o
    0x08004d4c   0x00000058   Code   RO         4795    i.jiguang_cmd_packet_send  jiguang.o
    0x08004da4   0x0000000c   Code   RO         4796    i.jiguang_comm_init  jiguang.o
    0x08004db0   0x0000001a   Code   RO         4797    i.jiguang_current_set  jiguang.o
    0x08004dca   0x00000002   PAD
    0x08004dcc   0x00000028   Code   RO         4798    i.jiguang_io_init   jiguang.o
    0x08004df4   0x00000010   Code   RO         4799    i.jiguang_motor_reset  jiguang.o
    0x08004e04   0x00000038   Code   RO         4801    i.jiguang_zoom_handle  jiguang.o
    0x08004e3c   0x0000001c   Code   RO         4802    i.jiguang_zoom_set  jiguang.o
    0x08004e58   0x00000038   Code   RO         3608    i.key_long_osd_emu  main.o
    0x08004e90   0x00000090   Code   RO         4690    i.load_system_para  extern_function.o
    0x08004f20   0x0000007c   Code   RO         4691    i.load_system_para_by_mode  extern_function.o
    0x08004f9c   0x00000188   Code   RO         3612    i.main              main.o
    0x08005124   0x000000f4   Code   RO         4692    i.motor_lens_voltage_set  extern_function.o
    0x08005218   0x00000044   Code   RO         3613    i.motor_voltage_pin_Init  main.o
    0x0800525c   0x00000050   Code   RO         4882    i.my_mem_free       malloc.o
    0x080052ac   0x00000020   Code   RO         4883    i.my_mem_init       malloc.o
    0x080052cc   0x0000007c   Code   RO         4884    i.my_mem_malloc     malloc.o
    0x08005348   0x0000002a   Code   RO         4885    i.my_mem_perused    malloc.o
    0x08005372   0x00000014   Code   RO         4887    i.my_memset         malloc.o
    0x08005386   0x00000002   PAD
    0x08005388   0x00000024   Code   RO         5560    i.my_proto_call_preset  rs485_response.o
    0x080053ac   0x0000001c   Code   RO         4888    i.myfree            malloc.o
    0x080053c8   0x00000020   Code   RO         4889    i.mymalloc          malloc.o
    0x080053e8   0x00000030   Code   RO         5562    i.packet_cmd        rs485_response.o
    0x08005418   0x0000005c   Code   RO         3614    i.ports_initial     main.o
    0x08005474   0x00000006   Code   RO         3615    i.prePoint_num_Function  main.o
    0x0800547a   0x00000002   PAD
    0x0800547c   0x00000078   Code   RO         3618    i.ptz_execute       main.o
    0x080054f4   0x0000003e   Code   RO         5284    i.return_cmd_to_camlink  protocol.o
    0x08005532   0x00000002   PAD
    0x08005534   0x0000001c   Code   RO         4693    i.save_baudrate     extern_function.o
    0x08005550   0x0000001c   Code   RO         4694    i.save_domeID       extern_function.o
    0x0800556c   0x0000001a   Code   RO         4695    i.save_system_para  extern_function.o
    0x08005586   0x00000002   PAD
    0x08005588   0x00000018   Code   RO         5563    i.send_buff_init    rs485_response.o
    0x080055a0   0x00000044   Code   RO         4803    i.send_bytes_to_jiguang  jiguang.o
    0x080055e4   0x00000020   Code   RO         5564    i.send_to_rs485_data  rs485_response.o
    0x08005604   0x000000b8   Code   RO         3620    i.serial_int1_receive  main.o
    0x080056bc   0x00000088   Code   RO         3621    i.serial_int1_send  main.o
    0x08005744   0x00000098   Code   RO         4413    i.set_cam_para_all  camera_control.o
    0x080057dc   0x00000058   Code   RO         4696    i.set_syspara_to_eeporm  extern_function.o
    0x08005834   0x00000020   Code   RO         4697    i.shutter_threshold_get  extern_function.o
    0x08005854   0x00000014   Code   RO         4698    i.shutter_threshold_set  extern_function.o
    0x08005868   0x00000008   Code   RO         3622    i.timer0_initial    main.o
    0x08005870   0x0000005c   Code   RO         3623    i.timer0_int        main.o
    0x080058cc   0x00000008   Code   RO         4978    i.timer1_init       motor.o
    0x080058d4   0x000001ac   Code   RO         5197    i.timer1_ovf_isr    motor.o
    0x08005a80   0x00000008   Code   RO         3624    i.timer3_init       main.o
    0x08005a88   0x000001b8   Code   RO         4981    i.timer3_ovf_isr    motor.o
    0x08005c40   0x00000034   Code   RO         4414    i.txd1_buffer_send  camera_control.o
    0x08005c74   0x000000ac   Code   RO         3625    i.uart0_init        main.o
    0x08005d20   0x00000204   Code   RO         5285    i.uart0_rx_isr      protocol.o
    0x08005f24   0x00000028   Code   RO         3626    i.uart_to_camera_init  main.o
    0x08005f4c   0x00000020   Code   RO         5242    i.wait_not_this_command  osd_control.o
    0x08005f6c   0x00000020   Code   RO         5243    i.wait_one_command  osd_control.o
    0x08005f8c   0x00000098   Code   RO         4982    i.zoom_action       motor.o
    0x08006024   0x0000001c   Code   RO         4985    i.zoom_motor_stop   motor.o
    0x08006040   0x0000001c   Code   RO         4986    i.zoom_motor_tele   motor.o
    0x0800605c   0x0000001c   Code   RO         4987    i.zoom_motor_wide   motor.o
    0x08006078   0x00000040   Code   RO         3630    i.zoom_pin_Init     main.o
    0x080060b8   0x00000009   Data   RO         4415    .constdata          camera_control.o
    0x080060c1   0x00000001   PAD
    0x080060c2   0x00000112   Data   RO         4989    .constdata          motor.o
    0x080061d4   0x00000004   PAD
    0x080061d8   0x00003fe8   Data   RO         5390    .constdata          public_variable.o
    0x0800a1c0   0x00000020   Data   RO         5768    Region$$Table       anon$$obj.o


    Execution Region RW_IRAM1 (Base: 0x20000000, Size: 0x00002078, Max: 0x0000c000, ABSOLUTE, COMPRESSED[0x00000088])

    Base Addr    Size         Type   Attr      Idx    E Section Name        Object

    0x20000000   0x00000014   Data   RW         1738    .data               stm32f10x_rcc.o
    0x20000014   0x0000004b   Data   RW         3631    .data               main.o
    0x2000005f   0x00000002   Data   RW         4416    .data               camera_control.o
    0x20000061   0x00000003   Data   RW         4700    .data               extern_function.o
    0x20000064   0x00000003   Data   RW         4806    .data               jiguang.o
    0x20000067   0x00000001   PAD
    0x20000068   0x0000154c   Data   RW         4891    .data               malloc.o
    0x200015b4   0x00000074   Data   RW         4990    .data               motor.o
    0x20001628   0x00000005   Data   RW         5244    .data               osd_control.o
    0x2000162d   0x00000003   PAD
    0x20001630   0x00000029   Data   RW         5287    .data               protocol.o
    0x20001659   0x00000003   PAD
    0x2000165c   0x0000000c   Data   RW         5342    .data               queue1.o
    0x20001668   0x00000024   Data   RW         5391    .data               public_variable.o
    0x2000168c   0x00000001   Data   RW         5224    .data__ZZ14MOTO_move_tiltE15MotoMovePanTilt  motor.o
    0x2000168d   0x00000001   Data   RW         5221    .data__ZZ14timer1_ovf_isrE18focus_sensor_state  motor.o
    0x2000168e   0x00000001   Data   RW         5222    .data__ZZ14timer1_ovf_isrE22focus_sensor_state_pre  motor.o
    0x2000168f   0x00000001   Data   RW         5223    .data__ZZ9MOTO_moveE15MotoMovePanTilt  motor.o
    0x20001690   0x000001ff   Zero   RW         4699    .bss                extern_function.o
    0x2000188f   0x0000000f   Zero   RW         4805    .bss                jiguang.o
    0x2000189e   0x00000028   Zero   RW         5286    .bss                protocol.o
    0x200018c6   0x000003a3   Zero   RW         5389    .bss                public_variable.o
    0x20001c69   0x0000000f   Zero   RW         5565    .bss                rs485_response.o
    0x20001c78   0x00000400   Zero   RW            1    STACK               startup_stm32f10x_hd.o


==============================================================================

Image component sizes


      Code (inc. data)   RO Data    RW Data    ZI Data      Debug   Object Name

      1066         36          0          0          0       8460   an41908a.o
      1268         48          0          0          0      11133   api.o
       838         38          0          0          0       6418   bsp_spi_flash.o
      2504        176          9          2          0      22331   camera_control.o
         0          0          0          0          0       4492   core_cm3.o
      1914        218          0          3        511      10084   extern_function.o
       502         30          0          3         15       6225   jiguang.o
      3424        332          0         75          0      29391   main.o
       358         44          0       5452          0       5070   malloc.o
       152         30          0          0          0       2001   misc.o
      3566        522        274        120          0      22265   motor.o
       220         16          0          5          0       2084   osd_control.o
      3750        278          0         41         40       7739   protocol.o
         0          0      16360         36        931       3198   public_variable.o
       224         28          0         12          0       2647   queue1.o
       140         20          0          0         15       2556   rs485_response.o
        36          8        304          0       1024        844   startup_stm32f10x_hd.o
        12          6          0          0          0        487   stm32f10x_bkp.o
       148          6          0          0          0        948   stm32f10x_exti.o
        52         12          0          0          0       1061   stm32f10x_flash.o
       458          6          0          0          0       4942   stm32f10x_gpio.o
       154          0          0          0          0      23521   stm32f10x_it.o
        12          6          0          0          0        494   stm32f10x_pwr.o
       836        116          0         20          0      12371   stm32f10x_rcc.o
       112          0          0          0          0       3722   stm32f10x_spi.o
       700        106          0          0          0       3537   stm32f10x_tim.o
       506          6          0          0          0       7237   stm32f10x_usart.o
       328         28          0          0          0     259269   system_stm32f10x.o

    ----------------------------------------------------------------------
     23332       2116      16984       5776       2536     464527   Object Totals
         0          0         32          0          0          0   (incl. Generated)
        52          0          5          7          0          0   (incl. Padding)

    ----------------------------------------------------------------------

      Code (inc. data)   RO Data    RW Data    ZI Data      Debug   Library Member Name

        86          0          0          0          0          0   __dczerorl2.o
         0          0          0          0          0          0   entry.o
         0          0          0          0          0          0   entry10a.o
         0          0          0          0          0          0   entry11a.o
         8          4          0          0          0          0   entry2.o
         4          0          0          0          0          0   entry5.o
         0          0          0          0          0          0   entry7b.o
         0          0          0          0          0          0   entry8b.o
         8          4          0          0          0          0   entry9a.o
        30          0          0          0          0          0   handlers.o
        36          8          0          0          0         68   init.o
         0          0          0          0          0          0   iusefp.o
        30          0          0          0          0         68   llshl.o
        36          0          0          0          0         68   llsshr.o
        32          0          0          0          0         68   llushr.o
        48          0          0          0          0         68   cdcmple.o
       334          0          0          0          0        148   dadd.o
       222          0          0          0          0        100   ddiv.o
       186          0          0          0          0        176   depilogue.o
        62          0          0          0          0         80   dfixi.o

    ----------------------------------------------------------------------
      1124         16          0          0          0        844   Library Totals
         2          0          0          0          0          0   (incl. Padding)

    ----------------------------------------------------------------------

      Code (inc. data)   RO Data    RW Data    ZI Data      Debug   Library Name

       270         16          0          0          0        272   mc_w.l
       852          0          0          0          0        572   mf_w.l

    ----------------------------------------------------------------------
      1124         16          0          0          0        844   Library Totals

    ----------------------------------------------------------------------

==============================================================================


      Code (inc. data)   RO Data    RW Data    ZI Data      Debug   

     24456       2132      16984       5776       2536     450055   Grand Totals
     24456       2132      16984        136       2536     450055   ELF Image Totals (compressed)
     24456       2132      16984        136          0          0   ROM Totals

==============================================================================

    Total RO  Size (Code + RO Data)                41440 (  40.47kB)
    Total RW  Size (RW Data + ZI Data)              8312 (   8.12kB)
    Total ROM Size (Code + RO Data + RW Data)      41576 (  40.60kB)

==============================================================================

